Archive member included to satisfy reference by file (symbol)

c:/st/stm32cubeide_1.9.0/stm32cubeide/plugins/com.st.stm32cube.ide.mcu.externaltools.gnu-tools-for-stm32.10.3-2021.10.win32_1.0.0.202111181127/tools/bin/../lib/gcc/arm-none-eabi/10.3.1/../../../../arm-none-eabi/lib/thumb/v7e-m+fp/hard\libc_nano.a(lib_a-errno.o)
                              ./Core/Src/syscalls.o (__errno)
c:/st/stm32cubeide_1.9.0/stm32cubeide/plugins/com.st.stm32cube.ide.mcu.externaltools.gnu-tools-for-stm32.10.3-2021.10.win32_1.0.0.202111181127/tools/bin/../lib/gcc/arm-none-eabi/10.3.1/../../../../arm-none-eabi/lib/thumb/v7e-m+fp/hard\libc_nano.a(lib_a-exit.o)
                              c:/st/stm32cubeide_1.9.0/stm32cubeide/plugins/com.st.stm32cube.ide.mcu.externaltools.gnu-tools-for-stm32.10.3-2021.10.win32_1.0.0.202111181127/tools/bin/../lib/gcc/arm-none-eabi/10.3.1/../../../../arm-none-eabi/lib/thumb/v7e-m+fp/hard/crt0.o (exit)
c:/st/stm32cubeide_1.9.0/stm32cubeide/plugins/com.st.stm32cube.ide.mcu.externaltools.gnu-tools-for-stm32.10.3-2021.10.win32_1.0.0.202111181127/tools/bin/../lib/gcc/arm-none-eabi/10.3.1/../../../../arm-none-eabi/lib/thumb/v7e-m+fp/hard\libc_nano.a(lib_a-impure.o)
                              c:/st/stm32cubeide_1.9.0/stm32cubeide/plugins/com.st.stm32cube.ide.mcu.externaltools.gnu-tools-for-stm32.10.3-2021.10.win32_1.0.0.202111181127/tools/bin/../lib/gcc/arm-none-eabi/10.3.1/../../../../arm-none-eabi/lib/thumb/v7e-m+fp/hard\libc_nano.a(lib_a-exit.o) (_global_impure_ptr)
c:/st/stm32cubeide_1.9.0/stm32cubeide/plugins/com.st.stm32cube.ide.mcu.externaltools.gnu-tools-for-stm32.10.3-2021.10.win32_1.0.0.202111181127/tools/bin/../lib/gcc/arm-none-eabi/10.3.1/../../../../arm-none-eabi/lib/thumb/v7e-m+fp/hard\libc_nano.a(lib_a-init.o)
                              c:/st/stm32cubeide_1.9.0/stm32cubeide/plugins/com.st.stm32cube.ide.mcu.externaltools.gnu-tools-for-stm32.10.3-2021.10.win32_1.0.0.202111181127/tools/bin/../lib/gcc/arm-none-eabi/10.3.1/../../../../arm-none-eabi/lib/thumb/v7e-m+fp/hard/crt0.o (__libc_init_array)
c:/st/stm32cubeide_1.9.0/stm32cubeide/plugins/com.st.stm32cube.ide.mcu.externaltools.gnu-tools-for-stm32.10.3-2021.10.win32_1.0.0.202111181127/tools/bin/../lib/gcc/arm-none-eabi/10.3.1/../../../../arm-none-eabi/lib/thumb/v7e-m+fp/hard\libc_nano.a(lib_a-memset.o)
                              c:/st/stm32cubeide_1.9.0/stm32cubeide/plugins/com.st.stm32cube.ide.mcu.externaltools.gnu-tools-for-stm32.10.3-2021.10.win32_1.0.0.202111181127/tools/bin/../lib/gcc/arm-none-eabi/10.3.1/../../../../arm-none-eabi/lib/thumb/v7e-m+fp/hard/crt0.o (memset)
c:/st/stm32cubeide_1.9.0/stm32cubeide/plugins/com.st.stm32cube.ide.mcu.externaltools.gnu-tools-for-stm32.10.3-2021.10.win32_1.0.0.202111181127/tools/bin/../lib/gcc/arm-none-eabi/10.3.1/../../../../arm-none-eabi/lib/thumb/v7e-m+fp/hard\libc_nano.a(lib_a-strlen.o)
                              ./Core/Src/main.o (strlen)
c:/st/stm32cubeide_1.9.0/stm32cubeide/plugins/com.st.stm32cube.ide.mcu.externaltools.gnu-tools-for-stm32.10.3-2021.10.win32_1.0.0.202111181127/tools/bin/../lib/gcc/arm-none-eabi/10.3.1/thumb/v7e-m+fp/hard\libgcc.a(_aeabi_uldivmod.o)
                              ./Drivers/STM32F4xx_HAL_Driver/Src/stm32f4xx_hal_rcc.o (__aeabi_uldivmod)
c:/st/stm32cubeide_1.9.0/stm32cubeide/plugins/com.st.stm32cube.ide.mcu.externaltools.gnu-tools-for-stm32.10.3-2021.10.win32_1.0.0.202111181127/tools/bin/../lib/gcc/arm-none-eabi/10.3.1/thumb/v7e-m+fp/hard\libgcc.a(_udivmoddi4.o)
                              c:/st/stm32cubeide_1.9.0/stm32cubeide/plugins/com.st.stm32cube.ide.mcu.externaltools.gnu-tools-for-stm32.10.3-2021.10.win32_1.0.0.202111181127/tools/bin/../lib/gcc/arm-none-eabi/10.3.1/thumb/v7e-m+fp/hard\libgcc.a(_aeabi_uldivmod.o) (__udivmoddi4)
c:/st/stm32cubeide_1.9.0/stm32cubeide/plugins/com.st.stm32cube.ide.mcu.externaltools.gnu-tools-for-stm32.10.3-2021.10.win32_1.0.0.202111181127/tools/bin/../lib/gcc/arm-none-eabi/10.3.1/thumb/v7e-m+fp/hard\libgcc.a(_dvmd_tls.o)
                              c:/st/stm32cubeide_1.9.0/stm32cubeide/plugins/com.st.stm32cube.ide.mcu.externaltools.gnu-tools-for-stm32.10.3-2021.10.win32_1.0.0.202111181127/tools/bin/../lib/gcc/arm-none-eabi/10.3.1/thumb/v7e-m+fp/hard\libgcc.a(_aeabi_uldivmod.o) (__aeabi_ldiv0)

Discarded input sections

 .text          0x0000000000000000        0x0 c:/st/stm32cubeide_1.9.0/stm32cubeide/plugins/com.st.stm32cube.ide.mcu.externaltools.gnu-tools-for-stm32.10.3-2021.10.win32_1.0.0.202111181127/tools/bin/../lib/gcc/arm-none-eabi/10.3.1/thumb/v7e-m+fp/hard/crti.o
 .data          0x0000000000000000        0x0 c:/st/stm32cubeide_1.9.0/stm32cubeide/plugins/com.st.stm32cube.ide.mcu.externaltools.gnu-tools-for-stm32.10.3-2021.10.win32_1.0.0.202111181127/tools/bin/../lib/gcc/arm-none-eabi/10.3.1/thumb/v7e-m+fp/hard/crti.o
[...]
Memory Configuration

Name             Origin             Length             Attributes
CCMRAM           0x0000000010000000 0x0000000000010000 xrw
RAM              0x0000000020000000 0x0000000000030000 xrw
FLASH            0x0000000008000000 0x0000000000200000 xr
*default*        0x0000000000000000 0xffffffffffffffff

Linker script and memory map

LOAD c:/st/stm32cubeide_1.9.0/stm32cubeide/plugins/com.st.stm32cube.ide.mcu.externaltools.gnu-tools-for-stm32.10.3-2021.10.win32_1.0.0.202111181127/tools/bin/../lib/gcc/arm-none-eabi/10.3.1/thumb/v7e-m+fp/hard/crti.o
LOAD c:/st/stm32cubeide_1.9.0/stm32cubeide/plugins/com.st.stm32cube.ide.mcu.externaltools.gnu-tools-for-stm32.10.3-2021.10.win32_1.0.0.202111181127/tools/bin/../lib/gcc/arm-none-eabi/10.3.1/thumb/v7e-m+fp/hard/crtbegin.o
LOAD c:/st/stm32cubeide_1.9.0/stm32cubeide/plugins/com.st.stm32cube.ide.mcu.externaltools.gnu-tools-for-stm32.10.3-2021.10.win32_1.0.0.202111181127/tools/bin/../lib/gcc/arm-none-eabi/10.3.1/../../../../arm-none-eabi/lib/thumb/v7e-m+fp/hard/crt0.o
LOAD ./Core/Src/main.o
LOAD ./Core/Src/stm32f4xx_hal_msp.o
LOAD ./Core/Src/stm32f4xx_it.o
LOAD ./Core/Src/syscalls.o
LOAD ./Core/Src/sysmem.o
LOAD ./Core/Src/system_stm32f4xx.o
LOAD ./Core/Startup/startup_stm32f429zitx.o
LOAD ./Drivers/STM32F4xx_HAL_Driver/Src/stm32f4xx_hal.o
LOAD ./Drivers/STM32F4xx_HAL_Driver/Src/stm32f4xx_hal_cortex.o
LOAD ./Drivers/STM32F4xx_HAL_Driver/Src/stm32f4xx_hal_dma.o
LOAD ./Drivers/STM32F4xx_HAL_Driver/Src/stm32f4xx_hal_dma_ex.o
LOAD ./Drivers/STM32F4xx_HAL_Driver/Src/stm32f4xx_hal_eth.o
LOAD ./Drivers/STM32F4xx_HAL_Driver/Src/stm32f4xx_hal_exti.o
LOAD ./Drivers/STM32F4xx_HAL_Driver/Src/stm32f4xx_hal_flash.o
LOAD ./Drivers/STM32F4xx_HAL_Driver/Src/stm32f4xx_hal_flash_ex.o
LOAD ./Drivers/STM32F4xx_HAL_Driver/Src/stm32f4xx_hal_flash_ramfunc.o
LOAD ./Drivers/STM32F4xx_HAL_Driver/Src/stm32f4xx_hal_gpio.o
LOAD ./Drivers/STM32F4xx_HAL_Driver/Src/stm32f4xx_hal_pcd.o
LOAD ./Drivers/STM32F4xx_HAL_Driver/Src/stm32f4xx_hal_pcd_ex.o
LOAD ./Drivers/STM32F4xx_HAL_Driver/Src/stm32f4xx_hal_pwr.o
LOAD ./Drivers/STM32F4xx_HAL_Driver/Src/stm32f4xx_hal_pwr_ex.o
LOAD ./Drivers/STM32F4xx_HAL_Driver/Src/stm32f4xx_hal_rcc.o
LOAD ./Drivers/STM32F4xx_HAL_Driver/Src/stm32f4xx_hal_rcc_ex.o
LOAD ./Drivers/STM32F4xx_HAL_Driver/Src/stm32f4xx_hal_tim.o
LOAD ./Drivers/STM32F4xx_HAL_Driver/Src/stm32f4xx_hal_tim_ex.o
LOAD ./Drivers/STM32F4xx_HAL_Driver/Src/stm32f4xx_hal_uart.o
LOAD ./Drivers/STM32F4xx_HAL_Driver/Src/stm32f4xx_ll_usb.o
LOAD ./Middlewares/ST/STM32_USB_Device_Library/Class/CDC/Src/usbd_cdc.o
LOAD ./Middlewares/ST/STM32_USB_Device_Library/Core/Src/usbd_core.o
LOAD ./Middlewares/ST/STM32_USB_Device_Library/Core/Src/usbd_ctlreq.o
LOAD ./Middlewares/ST/STM32_USB_Device_Library/Core/Src/usbd_ioreq.o
LOAD ./USB_DEVICE/App/usb_device.o
LOAD ./USB_DEVICE/App/usbd_cdc_if.o
LOAD ./USB_DEVICE/App/usbd_desc.o
LOAD ./USB_DEVICE/Target/usbd_conf.o
START GROUP
LOAD c:/st/stm32cubeide_1.9.0/stm32cubeide/plugins/com.st.stm32cube.ide.mcu.externaltools.gnu-tools-for-stm32.10.3-2021.10.win32_1.0.0.202111181127/tools/bin/../lib/gcc/arm-none-eabi/10.3.1/../../../../arm-none-eabi/lib/thumb/v7e-m+fp/hard\libc_nano.a
LOAD c:/st/stm32cubeide_1.9.0/stm32cubeide/plugins/com.st.stm32cube.ide.mcu.externaltools.gnu-tools-for-stm32.10.3-2021.10.win32_1.0.0.202111181127/tools/bin/../lib/gcc/arm-none-eabi/10.3.1/../../../../arm-none-eabi/lib/thumb/v7e-m+fp/hard\libm.a
END GROUP
START GROUP
LOAD c:/st/stm32cubeide_1.9.0/stm32cubeide/plugins/com.st.stm32cube.ide.mcu.externaltools.gnu-tools-for-stm32.10.3-2021.10.win32_1.0.0.202111181127/tools/bin/../lib/gcc/arm-none-eabi/10.3.1/thumb/v7e-m+fp/hard\libgcc.a
LOAD c:/st/stm32cubeide_1.9.0/stm32cubeide/plugins/com.st.stm32cube.ide.mcu.externaltools.gnu-tools-for-stm32.10.3-2021.10.win32_1.0.0.202111181127/tools/bin/../lib/gcc/arm-none-eabi/10.3.1/../../../../arm-none-eabi/lib/thumb/v7e-m+fp/hard\libc_nano.a
END GROUP
START GROUP
LOAD c:/st/stm32cubeide_1.9.0/stm32cubeide/plugins/com.st.stm32cube.ide.mcu.externaltools.gnu-tools-for-stm32.10.3-2021.10.win32_1.0.0.202111181127/tools/bin/../lib/gcc/arm-none-eabi/10.3.1/thumb/v7e-m+fp/hard\libgcc.a
LOAD c:/st/stm32cubeide_1.9.0/stm32cubeide/plugins/com.st.stm32cube.ide.mcu.externaltools.gnu-tools-for-stm32.10.3-2021.10.win32_1.0.0.202111181127/tools/bin/../lib/gcc/arm-none-eabi/10.3.1/../../../../arm-none-eabi/lib/thumb/v7e-m+fp/hard\libc_nano.a
LOAD c:/st/stm32cubeide_1.9.0/stm32cubeide/plugins/com.st.stm32cube.ide.mcu.externaltools.gnu-tools-for-stm32.10.3-2021.10.win32_1.0.0.202111181127/tools/bin/../lib/gcc/arm-none-eabi/10.3.1/../../../../arm-none-eabi/lib/thumb/v7e-m+fp/hard\libnosys.a
END GROUP
START GROUP
LOAD c:/st/stm32cubeide_1.9.0/stm32cubeide/plugins/com.st.stm32cube.ide.mcu.externaltools.gnu-tools-for-stm32.10.3-2021.10.win32_1.0.0.202111181127/tools/bin/../lib/gcc/arm-none-eabi/10.3.1/thumb/v7e-m+fp/hard\libgcc.a
LOAD c:/st/stm32cubeide_1.9.0/stm32cubeide/plugins/com.st.stm32cube.ide.mcu.externaltools.gnu-tools-for-stm32.10.3-2021.10.win32_1.0.0.202111181127/tools/bin/../lib/gcc/arm-none-eabi/10.3.1/../../../../arm-none-eabi/lib/thumb/v7e-m+fp/hard\libc_nano.a
LOAD c:/st/stm32cubeide_1.9.0/stm32cubeide/plugins/com.st.stm32cube.ide.mcu.externaltools.gnu-tools-for-stm32.10.3-2021.10.win32_1.0.0.202111181127/tools/bin/../lib/gcc/arm-none-eabi/10.3.1/../../../../arm-none-eabi/lib/thumb/v7e-m+fp/hard\libnosys.a
END GROUP
LOAD c:/st/stm32cubeide_1.9.0/stm32cubeide/plugins/com.st.stm32cube.ide.mcu.externaltools.gnu-tools-for-stm32.10.3-2021.10.win32_1.0.0.202111181127/tools/bin/../lib/gcc/arm-none-eabi/10.3.1/thumb/v7e-m+fp/hard/crtend.o
LOAD c:/st/stm32cubeide_1.9.0/stm32cubeide/plugins/com.st.stm32cube.ide.mcu.externaltools.gnu-tools-for-stm32.10.3-2021.10.win32_1.0.0.202111181127/tools/bin/../lib/gcc/arm-none-eabi/10.3.1/thumb/v7e-m+fp/hard/crtn.o
                0x0000000020030000                _estack = (ORIGIN (RAM) + LENGTH (RAM))
                0x0000000000000200                _Min_Heap_Size = 0x200
                0x0000000000000400                _Min_Stack_Size = 0x400

.isr_vector     0x0000000008000000      0x1ac
                0x0000000008000000                . = ALIGN (0x4)
 *(.isr_vector)
 .isr_vector    0x0000000008000000      0x1ac ./Core/Startup/startup_stm32f429zitx.o
                0x0000000008000000                g_pfnVectors
                0x00000000080001ac                . = ALIGN (0x4)

.text           0x00000000080001ac     0x7db0
                0x00000000080001ac                . = ALIGN (0x4)
 *(.text)
 .text          0x00000000080001ac       0x40 c:/st/stm32cubeide_1.9.0/stm32cubeide/plugins/com.st.stm32cube.ide.mcu.externaltools.gnu-tools-for-stm32.10.3-2021.10.win32_1.0.0.202111181127/tools/bin/../lib/gcc/arm-none-eabi/10.3.1/thumb/v7e-m+fp/hard/crtbegin.o
 .text          0x00000000080001ec       0x10 c:/st/stm32cubeide_1.9.0/stm32cubeide/plugins/com.st.stm32cube.ide.mcu.externaltools.gnu-tools-for-stm32.10.3-2021.10.win32_1.0.0.202111181127/tools/bin/../lib/gcc/arm-none-eabi/10.3.1/../../../../arm-none-eabi/lib/thumb/v7e-m+fp/hard\libc_nano.a(lib_a-strlen.o)
                0x00000000080001ec                strlen
 .text          0x00000000080001fc       0x30 c:/st/stm32cubeide_1.9.0/stm32cubeide/plugins/com.st.stm32cube.ide.mcu.externaltools.gnu-tools-for-stm32.10.3-2021.10.win32_1.0.0.202111181127/tools/bin/../lib/gcc/arm-none-eabi/10.3.1/thumb/v7e-m+fp/hard\libgcc.a(_aeabi_uldivmod.o)
                0x00000000080001fc                __aeabi_uldivmod
 .text          0x000000000800022c      0x2d0 c:/st/stm32cubeide_1.9.0/stm32cubeide/plugins/com.st.stm32cube.ide.mcu.externaltools.gnu-tools-for-stm32.10.3-2021.10.win32_1.0.0.202111181127/tools/bin/../lib/gcc/arm-none-eabi/10.3.1/thumb/v7e-m+fp/hard\libgcc.a(_udivmoddi4.o)
                0x000000000800022c                __udivmoddi4
 .text          0x00000000080004fc        0x4 c:/st/stm32cubeide_1.9.0/stm32cubeide/plugins/com.st.stm32cube.ide.mcu.externaltools.gnu-tools-for-stm32.10.3-2021.10.win32_1.0.0.202111181127/tools/bin/../lib/gcc/arm-none-eabi/10.3.1/thumb/v7e-m+fp/hard\libgcc.a(_dvmd_tls.o)
                0x00000000080004fc                __aeabi_idiv0
                0x00000000080004fc                __aeabi_ldiv0
 *(.text*)
 .text.main     0x0000000008000500       0x48 ./Core/Src/main.o
                0x0000000008000500                main
 .text.SystemClock_Config
                0x0000000008000548       0xd4 ./Core/Src/main.o
                0x0000000008000548                SystemClock_Config
 .text.MX_ETH_Init
                0x000000000800061c       0x9c ./Core/Src/main.o
 .text.MX_USART3_UART_Init
                0x00000000080006b8       0x54 ./Core/Src/main.o
 .text.MX_GPIO_Init
                0x000000000800070c      0x15c ./Core/Src/main.o
 .text.Error_Handler
                0x0000000008000868        0xa ./Core/Src/main.o
                0x0000000008000868                Error_Handler
 *fill*         0x0000000008000872        0x2 
 .text.HAL_MspInit
                0x0000000008000874       0x50 ./Core/Src/stm32f4xx_hal_msp.o
                0x0000000008000874                HAL_MspInit
 .text.HAL_ETH_MspInit
                0x00000000080008c4      0x18c ./Core/Src/stm32f4xx_hal_msp.o
                0x00000000080008c4                HAL_ETH_MspInit
 .text.HAL_UART_MspInit
                0x0000000008000a50       0x90 ./Core/Src/stm32f4xx_hal_msp.o
                0x0000000008000a50                HAL_UART_MspInit
 .text.NMI_Handler
                0x0000000008000ae0        0x6 ./Core/Src/stm32f4xx_it.o
                0x0000000008000ae0                NMI_Handler
 .text.HardFault_Handler
                0x0000000008000ae6        0x6 ./Core/Src/stm32f4xx_it.o
                0x0000000008000ae6                HardFault_Handler
 .text.MemManage_Handler
                0x0000000008000aec        0x6 ./Core/Src/stm32f4xx_it.o
                0x0000000008000aec                MemManage_Handler
 .text.BusFault_Handler
                0x0000000008000af2        0x6 ./Core/Src/stm32f4xx_it.o
                0x0000000008000af2                BusFault_Handler
 .text.UsageFault_Handler
                0x0000000008000af8        0x6 ./Core/Src/stm32f4xx_it.o
                0x0000000008000af8                UsageFault_Handler
 .text.SVC_Handler
                0x0000000008000afe        0xe ./Core/Src/stm32f4xx_it.o
                0x0000000008000afe                SVC_Handler
 .text.DebugMon_Handler
                0x0000000008000b0c        0xe ./Core/Src/stm32f4xx_it.o
                0x0000000008000b0c                DebugMon_Handler
 .text.PendSV_Handler
                0x0000000008000b1a        0xe ./Core/Src/stm32f4xx_it.o
                0x0000000008000b1a                PendSV_Handler
 .text.SysTick_Handler
                0x0000000008000b28        0xc ./Core/Src/stm32f4xx_it.o
                0x0000000008000b28                SysTick_Handler
 .text.OTG_FS_IRQHandler
                0x0000000008000b34       0x14 ./Core/Src/stm32f4xx_it.o
                0x0000000008000b34                OTG_FS_IRQHandler
 .text.SystemInit
                0x0000000008000b48       0x24 ./Core/Src/system_stm32f4xx.o
                0x0000000008000b48                SystemInit
 .text.Reset_Handler
                0x0000000008000b6c       0x50 ./Core/Startup/startup_stm32f429zitx.o
                0x0000000008000b6c                Reset_Handler
 .text.Default_Handler
                0x0000000008000bbc        0x2 ./Core/Startup/startup_stm32f429zitx.o
                0x0000000008000bbc                RTC_Alarm_IRQHandler
                0x0000000008000bbc                HASH_RNG_IRQHandler
                0x0000000008000bbc                EXTI2_IRQHandler
                0x0000000008000bbc                TIM8_CC_IRQHandler
                0x0000000008000bbc                UART8_IRQHandler
                0x0000000008000bbc                SPI4_IRQHandler
                0x0000000008000bbc                TIM1_CC_IRQHandler
                0x0000000008000bbc                DMA2_Stream5_IRQHandler
                0x0000000008000bbc                DMA1_Stream5_IRQHandler
                0x0000000008000bbc                PVD_IRQHandler
                0x0000000008000bbc                SDIO_IRQHandler
                0x0000000008000bbc                TAMP_STAMP_IRQHandler
                0x0000000008000bbc                CAN2_RX1_IRQHandler
                0x0000000008000bbc                EXTI3_IRQHandler
                0x0000000008000bbc                TIM8_TRG_COM_TIM14_IRQHandler
                0x0000000008000bbc                TIM1_UP_TIM10_IRQHandler
                0x0000000008000bbc                TIM8_UP_TIM13_IRQHandler
                0x0000000008000bbc                I2C3_ER_IRQHandler
                0x0000000008000bbc                EXTI0_IRQHandler
                0x0000000008000bbc                I2C2_EV_IRQHandler
                0x0000000008000bbc                DMA1_Stream2_IRQHandler
                0x0000000008000bbc                CAN1_RX0_IRQHandler
                0x0000000008000bbc                FPU_IRQHandler
                0x0000000008000bbc                OTG_HS_WKUP_IRQHandler
                0x0000000008000bbc                LTDC_ER_IRQHandler
                0x0000000008000bbc                CAN2_SCE_IRQHandler
                0x0000000008000bbc                DMA2_Stream2_IRQHandler
                0x0000000008000bbc                SPI1_IRQHandler
                0x0000000008000bbc                TIM6_DAC_IRQHandler
                0x0000000008000bbc                TIM1_BRK_TIM9_IRQHandler
                0x0000000008000bbc                DCMI_IRQHandler
                0x0000000008000bbc                CAN2_RX0_IRQHandler
                0x0000000008000bbc                DMA2_Stream3_IRQHandler
                0x0000000008000bbc                USART6_IRQHandler
                0x0000000008000bbc                USART3_IRQHandler
                0x0000000008000bbc                CAN1_RX1_IRQHandler
                0x0000000008000bbc                UART5_IRQHandler
                0x0000000008000bbc                DMA2_Stream0_IRQHandler
                0x0000000008000bbc                TIM4_IRQHandler
                0x0000000008000bbc                I2C1_EV_IRQHandler
                0x0000000008000bbc                DMA1_Stream6_IRQHandler
                0x0000000008000bbc                DMA1_Stream1_IRQHandler
                0x0000000008000bbc                UART4_IRQHandler
                0x0000000008000bbc                TIM3_IRQHandler
                0x0000000008000bbc                RCC_IRQHandler
                0x0000000008000bbc                TIM8_BRK_TIM12_IRQHandler
                0x0000000008000bbc                Default_Handler
                0x0000000008000bbc                EXTI15_10_IRQHandler
                0x0000000008000bbc                ADC_IRQHandler
                0x0000000008000bbc                DMA1_Stream7_IRQHandler
                0x0000000008000bbc                SPI5_IRQHandler
                0x0000000008000bbc                TIM7_IRQHandler
                0x0000000008000bbc                CAN2_TX_IRQHandler
                0x0000000008000bbc                TIM5_IRQHandler
                0x0000000008000bbc                DMA2_Stream7_IRQHandler
                0x0000000008000bbc                I2C3_EV_IRQHandler
                0x0000000008000bbc                EXTI9_5_IRQHandler
                0x0000000008000bbc                RTC_WKUP_IRQHandler
                0x0000000008000bbc                LTDC_IRQHandler
                0x0000000008000bbc                ETH_WKUP_IRQHandler
                0x0000000008000bbc                SPI2_IRQHandler
                0x0000000008000bbc                OTG_HS_EP1_IN_IRQHandler
                0x0000000008000bbc                DMA1_Stream0_IRQHandler
                0x0000000008000bbc                CAN1_TX_IRQHandler
                0x0000000008000bbc                EXTI4_IRQHandler
                0x0000000008000bbc                ETH_IRQHandler
                0x0000000008000bbc                OTG_HS_EP1_OUT_IRQHandler
                0x0000000008000bbc                WWDG_IRQHandler
                0x0000000008000bbc                SPI6_IRQHandler
                0x0000000008000bbc                TIM2_IRQHandler
                0x0000000008000bbc                OTG_FS_WKUP_IRQHandler
                0x0000000008000bbc                TIM1_TRG_COM_TIM11_IRQHandler
                0x0000000008000bbc                OTG_HS_IRQHandler
                0x0000000008000bbc                DMA2D_IRQHandler
                0x0000000008000bbc                EXTI1_IRQHandler
                0x0000000008000bbc                UART7_IRQHandler
                0x0000000008000bbc                USART2_IRQHandler
                0x0000000008000bbc                I2C2_ER_IRQHandler
                0x0000000008000bbc                DMA2_Stream1_IRQHandler
                0x0000000008000bbc                CAN1_SCE_IRQHandler
                0x0000000008000bbc                FLASH_IRQHandler
                0x0000000008000bbc                DMA2_Stream4_IRQHandler
                0x0000000008000bbc                USART1_IRQHandler
                0x0000000008000bbc                SPI3_IRQHandler
                0x0000000008000bbc                DMA1_Stream4_IRQHandler
                0x0000000008000bbc                I2C1_ER_IRQHandler
                0x0000000008000bbc                FMC_IRQHandler
                0x0000000008000bbc                DMA2_Stream6_IRQHandler
                0x0000000008000bbc                SAI1_IRQHandler
                0x0000000008000bbc                DMA1_Stream3_IRQHandler
 *fill*         0x0000000008000bbe        0x2 
 .text.HAL_Init
                0x0000000008000bc0       0x44 ./Drivers/STM32F4xx_HAL_Driver/Src/stm32f4xx_hal.o
                0x0000000008000bc0                HAL_Init
 .text.HAL_InitTick
                0x0000000008000c04       0x60 ./Drivers/STM32F4xx_HAL_Driver/Src/stm32f4xx_hal.o
                0x0000000008000c04                HAL_InitTick
 .text.HAL_IncTick
                0x0000000008000c64       0x28 ./Drivers/STM32F4xx_HAL_Driver/Src/stm32f4xx_hal.o
                0x0000000008000c64                HAL_IncTick
 .text.HAL_GetTick
                0x0000000008000c8c       0x18 ./Drivers/STM32F4xx_HAL_Driver/Src/stm32f4xx_hal.o
                0x0000000008000c8c                HAL_GetTick
 .text.HAL_Delay
                0x0000000008000ca4       0x48 ./Drivers/STM32F4xx_HAL_Driver/Src/stm32f4xx_hal.o
                0x0000000008000ca4                HAL_Delay
 .text.__NVIC_SetPriorityGrouping
                0x0000000008000cec       0x48 ./Drivers/STM32F4xx_HAL_Driver/Src/stm32f4xx_hal_cortex.o
 .text.__NVIC_GetPriorityGrouping
                0x0000000008000d34       0x1c ./Drivers/STM32F4xx_HAL_Driver/Src/stm32f4xx_hal_cortex.o
 .text.__NVIC_EnableIRQ
                0x0000000008000d50       0x3c ./Drivers/STM32F4xx_HAL_Driver/Src/stm32f4xx_hal_cortex.o
 .text.__NVIC_SetPriority
                0x0000000008000d8c       0x54 ./Drivers/STM32F4xx_HAL_Driver/Src/stm32f4xx_hal_cortex.o
 .text.NVIC_EncodePriority
                0x0000000008000de0       0x66 ./Drivers/STM32F4xx_HAL_Driver/Src/stm32f4xx_hal_cortex.o
 *fill*         0x0000000008000e46        0x2 
 .text.SysTick_Config
                0x0000000008000e48       0x44 ./Drivers/STM32F4xx_HAL_Driver/Src/stm32f4xx_hal_cortex.o
 .text.HAL_NVIC_SetPriorityGrouping
                0x0000000008000e8c       0x16 ./Drivers/STM32F4xx_HAL_Driver/Src/stm32f4xx_hal_cortex.o
                0x0000000008000e8c                HAL_NVIC_SetPriorityGrouping
 .text.HAL_NVIC_SetPriority
                0x0000000008000ea2       0x38 ./Drivers/STM32F4xx_HAL_Driver/Src/stm32f4xx_hal_cortex.o
                0x0000000008000ea2                HAL_NVIC_SetPriority
 .text.HAL_NVIC_EnableIRQ
                0x0000000008000eda       0x1c ./Drivers/STM32F4xx_HAL_Driver/Src/stm32f4xx_hal_cortex.o
                0x0000000008000eda                HAL_NVIC_EnableIRQ
 .text.HAL_SYSTICK_Config
                0x0000000008000ef6       0x18 ./Drivers/STM32F4xx_HAL_Driver/Src/stm32f4xx_hal_cortex.o
                0x0000000008000ef6                HAL_SYSTICK_Config
 *fill*         0x0000000008000f0e        0x2 
 .text.HAL_ETH_Init
                0x0000000008000f10       0xfc ./Drivers/STM32F4xx_HAL_Driver/Src/stm32f4xx_hal_eth.o
                0x0000000008000f10                HAL_ETH_Init
 .text.ETH_SetMACConfig
                0x000000000800100c      0x138 ./Drivers/STM32F4xx_HAL_Driver/Src/stm32f4xx_hal_eth.o
 .text.ETH_SetDMAConfig
                0x0000000008001144      0x114 ./Drivers/STM32F4xx_HAL_Driver/Src/stm32f4xx_hal_eth.o
 .text.ETH_MACDMAConfig
                0x0000000008001258       0xe4 ./Drivers/STM32F4xx_HAL_Driver/Src/stm32f4xx_hal_eth.o
 .text.ETH_MACAddressConfig
                0x000000000800133c       0x70 ./Drivers/STM32F4xx_HAL_Driver/Src/stm32f4xx_hal_eth.o
 .text.ETH_DMATxDescListInit
                0x00000000080013ac       0xb2 ./Drivers/STM32F4xx_HAL_Driver/Src/stm32f4xx_hal_eth.o
 .text.ETH_DMARxDescListInit
                0x000000000800145e       0xda ./Drivers/STM32F4xx_HAL_Driver/Src/stm32f4xx_hal_eth.o
 .text.HAL_GPIO_Init
                0x0000000008001538      0x358 ./Drivers/STM32F4xx_HAL_Driver/Src/stm32f4xx_hal_gpio.o
                0x0000000008001538                HAL_GPIO_Init
 .text.HAL_GPIO_WritePin
                0x0000000008001890       0x32 ./Drivers/STM32F4xx_HAL_Driver/Src/stm32f4xx_hal_gpio.o
                0x0000000008001890                HAL_GPIO_WritePin
 .text.HAL_PCD_Init
                0x00000000080018c2      0x23a ./Drivers/STM32F4xx_HAL_Driver/Src/stm32f4xx_hal_pcd.o
                0x00000000080018c2                HAL_PCD_Init
 .text.HAL_PCD_Start
                0x0000000008001afc       0x66 ./Drivers/STM32F4xx_HAL_Driver/Src/stm32f4xx_hal_pcd.o
                0x0000000008001afc                HAL_PCD_Start
 .text.HAL_PCD_IRQHandler
                0x0000000008001b62      0x93e ./Drivers/STM32F4xx_HAL_Driver/Src/stm32f4xx_hal_pcd.o
                0x0000000008001b62                HAL_PCD_IRQHandler
 .text.HAL_PCD_SetAddress
                0x00000000080024a0       0x4a ./Drivers/STM32F4xx_HAL_Driver/Src/stm32f4xx_hal_pcd.o
                0x00000000080024a0                HAL_PCD_SetAddress
 .text.HAL_PCD_EP_Open
                0x00000000080024ea       0xd0 ./Drivers/STM32F4xx_HAL_Driver/Src/stm32f4xx_hal_pcd.o
                0x00000000080024ea                HAL_PCD_EP_Open
 .text.HAL_PCD_EP_Close
                0x00000000080025ba       0x94 ./Drivers/STM32F4xx_HAL_Driver/Src/stm32f4xx_hal_pcd.o
                0x00000000080025ba                HAL_PCD_EP_Close
 .text.HAL_PCD_EP_Receive
                0x000000000800264e       0x96 ./Drivers/STM32F4xx_HAL_Driver/Src/stm32f4xx_hal_pcd.o
                0x000000000800264e                HAL_PCD_EP_Receive
 .text.HAL_PCD_EP_GetRxCount
                0x00000000080026e4       0x30 ./Drivers/STM32F4xx_HAL_Driver/Src/stm32f4xx_hal_pcd.o
                0x00000000080026e4                HAL_PCD_EP_GetRxCount
 .text.HAL_PCD_EP_Transmit
                0x0000000008002714       0x94 ./Drivers/STM32F4xx_HAL_Driver/Src/stm32f4xx_hal_pcd.o
                0x0000000008002714                HAL_PCD_EP_Transmit
 .text.HAL_PCD_EP_SetStall
                0x00000000080027a8       0xc8 ./Drivers/STM32F4xx_HAL_Driver/Src/stm32f4xx_hal_pcd.o
                0x00000000080027a8                HAL_PCD_EP_SetStall
 .text.HAL_PCD_EP_ClrStall
                0x0000000008002870       0xac ./Drivers/STM32F4xx_HAL_Driver/Src/stm32f4xx_hal_pcd.o
                0x0000000008002870                HAL_PCD_EP_ClrStall
 .text.HAL_PCD_EP_Abort
                0x000000000800291c       0x62 ./Drivers/STM32F4xx_HAL_Driver/Src/stm32f4xx_hal_pcd.o
                0x000000000800291c                HAL_PCD_EP_Abort
 .text.PCD_WriteEmptyTxFifo
                0x000000000800297e      0x11a ./Drivers/STM32F4xx_HAL_Driver/Src/stm32f4xx_hal_pcd.o
 .text.PCD_EP_OutXfrComplete_int
                0x0000000008002a98      0x1d0 ./Drivers/STM32F4xx_HAL_Driver/Src/stm32f4xx_hal_pcd.o
 .text.PCD_EP_OutSetupPacket_int
                0x0000000008002c68       0x8c ./Drivers/STM32F4xx_HAL_Driver/Src/stm32f4xx_hal_pcd.o
 .text.HAL_PCDEx_SetTxFiFo
                0x0000000008002cf4       0x8e ./Drivers/STM32F4xx_HAL_Driver/Src/stm32f4xx_hal_pcd_ex.o
                0x0000000008002cf4                HAL_PCDEx_SetTxFiFo
 .text.HAL_PCDEx_SetRxFiFo
                0x0000000008002d82       0x22 ./Drivers/STM32F4xx_HAL_Driver/Src/stm32f4xx_hal_pcd_ex.o
                0x0000000008002d82                HAL_PCDEx_SetRxFiFo
 .text.HAL_PCDEx_LPM_Callback
                0x0000000008002da4       0x18 ./Drivers/STM32F4xx_HAL_Driver/Src/stm32f4xx_hal_pcd_ex.o
                0x0000000008002da4                HAL_PCDEx_LPM_Callback
 .text.HAL_RCC_OscConfig
                0x0000000008002dbc      0x4f0 ./Drivers/STM32F4xx_HAL_Driver/Src/stm32f4xx_hal_rcc.o
                0x0000000008002dbc                HAL_RCC_OscConfig
 .text.HAL_RCC_ClockConfig
                0x00000000080032ac      0x1cc ./Drivers/STM32F4xx_HAL_Driver/Src/stm32f4xx_hal_rcc.o
                0x00000000080032ac                HAL_RCC_ClockConfig
 .text.HAL_RCC_GetSysClockFreq
                0x0000000008003478      0x20c ./Drivers/STM32F4xx_HAL_Driver/Src/stm32f4xx_hal_rcc.o
                0x0000000008003478                HAL_RCC_GetSysClockFreq
 .text.HAL_RCC_GetHCLKFreq
                0x0000000008003684       0x18 ./Drivers/STM32F4xx_HAL_Driver/Src/stm32f4xx_hal_rcc.o
                0x0000000008003684                HAL_RCC_GetHCLKFreq
 .text.HAL_RCC_GetPCLK1Freq
                0x000000000800369c       0x28 ./Drivers/STM32F4xx_HAL_Driver/Src/stm32f4xx_hal_rcc.o
                0x000000000800369c                HAL_RCC_GetPCLK1Freq
 .text.HAL_RCC_GetPCLK2Freq
                0x00000000080036c4       0x28 ./Drivers/STM32F4xx_HAL_Driver/Src/stm32f4xx_hal_rcc.o
                0x00000000080036c4                HAL_RCC_GetPCLK2Freq
 .text.HAL_UART_Init
                0x00000000080036ec       0x9a ./Drivers/STM32F4xx_HAL_Driver/Src/stm32f4xx_hal_uart.o
                0x00000000080036ec                HAL_UART_Init
 *fill*         0x0000000008003786        0x2 
 .text.UART_SetConfig
                0x0000000008003788      0x4e8 ./Drivers/STM32F4xx_HAL_Driver/Src/stm32f4xx_hal_uart.o
 .text.USB_CoreInit
                0x0000000008003c70       0xc2 ./Drivers/STM32F4xx_HAL_Driver/Src/stm32f4xx_ll_usb.o
                0x0000000008003c70                USB_CoreInit
 *fill*         0x0000000008003d32        0x2 
 .text.USB_SetTurnaroundTime
                0x0000000008003d34      0x144 ./Drivers/STM32F4xx_HAL_Driver/Src/stm32f4xx_ll_usb.o
                0x0000000008003d34                USB_SetTurnaroundTime
 .text.USB_EnableGlobalInt
                0x0000000008003e78       0x22 ./Drivers/STM32F4xx_HAL_Driver/Src/stm32f4xx_ll_usb.o
                0x0000000008003e78                USB_EnableGlobalInt
 .text.USB_DisableGlobalInt
                0x0000000008003e9a       0x22 ./Drivers/STM32F4xx_HAL_Driver/Src/stm32f4xx_ll_usb.o
                0x0000000008003e9a                USB_DisableGlobalInt
 .text.USB_SetCurrentMode
                0x0000000008003ebc       0x98 ./Drivers/STM32F4xx_HAL_Driver/Src/stm32f4xx_ll_usb.o
                0x0000000008003ebc                USB_SetCurrentMode
 .text.USB_DevInit
                0x0000000008003f54      0x2c8 ./Drivers/STM32F4xx_HAL_Driver/Src/stm32f4xx_ll_usb.o
                0x0000000008003f54                USB_DevInit
 .text.USB_FlushTxFifo
                0x000000000800421c       0x68 ./Drivers/STM32F4xx_HAL_Driver/Src/stm32f4xx_ll_usb.o
                0x000000000800421c                USB_FlushTxFifo
 .text.USB_FlushRxFifo
                0x0000000008004284       0x60 ./Drivers/STM32F4xx_HAL_Driver/Src/stm32f4xx_ll_usb.o
                0x0000000008004284                USB_FlushRxFifo
 .text.USB_SetDevSpeed
                0x00000000080042e4       0x32 ./Drivers/STM32F4xx_HAL_Driver/Src/stm32f4xx_ll_usb.o
                0x00000000080042e4                USB_SetDevSpeed
 .text.USB_GetDevSpeed
                0x0000000008004316       0x4a ./Drivers/STM32F4xx_HAL_Driver/Src/stm32f4xx_ll_usb.o
                0x0000000008004316                USB_GetDevSpeed
 .text.USB_ActivateEndpoint
                0x0000000008004360      0x10e ./Drivers/STM32F4xx_HAL_Driver/Src/stm32f4xx_ll_usb.o
                0x0000000008004360                USB_ActivateEndpoint
 *fill*         0x000000000800446e        0x2 
 .text.USB_DeactivateEndpoint
                0x0000000008004470      0x1b8 ./Drivers/STM32F4xx_HAL_Driver/Src/stm32f4xx_ll_usb.o
                0x0000000008004470                USB_DeactivateEndpoint
 .text.USB_EPStartXfer
                0x0000000008004628      0x490 ./Drivers/STM32F4xx_HAL_Driver/Src/stm32f4xx_ll_usb.o
                0x0000000008004628                USB_EPStartXfer
 .text.USB_EP0StartXfer
                0x0000000008004ab8      0x2b0 ./Drivers/STM32F4xx_HAL_Driver/Src/stm32f4xx_ll_usb.o
                0x0000000008004ab8                USB_EP0StartXfer
 .text.USB_EPStopXfer
                0x0000000008004d68      0x154 ./Drivers/STM32F4xx_HAL_Driver/Src/stm32f4xx_ll_usb.o
                0x0000000008004d68                USB_EPStopXfer
 .text.USB_WritePacket
                0x0000000008004ebc       0x7c ./Drivers/STM32F4xx_HAL_Driver/Src/stm32f4xx_ll_usb.o
                0x0000000008004ebc                USB_WritePacket
 .text.USB_ReadPacket
                0x0000000008004f38       0xb0 ./Drivers/STM32F4xx_HAL_Driver/Src/stm32f4xx_ll_usb.o
                0x0000000008004f38                USB_ReadPacket
 .text.USB_EPSetStall
                0x0000000008004fe8       0xdc ./Drivers/STM32F4xx_HAL_Driver/Src/stm32f4xx_ll_usb.o
                0x0000000008004fe8                USB_EPSetStall
 .text.USB_EPClearStall
                0x00000000080050c4       0xcc ./Drivers/STM32F4xx_HAL_Driver/Src/stm32f4xx_ll_usb.o
                0x00000000080050c4                USB_EPClearStall
 .text.USB_SetDevAddress
                0x0000000008005190       0x4c ./Drivers/STM32F4xx_HAL_Driver/Src/stm32f4xx_ll_usb.o
                0x0000000008005190                USB_SetDevAddress
 .text.USB_DevConnect
                0x00000000080051dc       0x42 ./Drivers/STM32F4xx_HAL_Driver/Src/stm32f4xx_ll_usb.o
                0x00000000080051dc                USB_DevConnect
 .text.USB_DevDisconnect
                0x000000000800521e       0x42 ./Drivers/STM32F4xx_HAL_Driver/Src/stm32f4xx_ll_usb.o
                0x000000000800521e                USB_DevDisconnect
 .text.USB_ReadInterrupts
                0x0000000008005260       0x26 ./Drivers/STM32F4xx_HAL_Driver/Src/stm32f4xx_ll_usb.o
                0x0000000008005260                USB_ReadInterrupts
 .text.USB_ReadDevAllOutEpInterrupt
                0x0000000008005286       0x34 ./Drivers/STM32F4xx_HAL_Driver/Src/stm32f4xx_ll_usb.o
                0x0000000008005286                USB_ReadDevAllOutEpInterrupt
 .text.USB_ReadDevAllInEpInterrupt
                0x00000000080052ba       0x34 ./Drivers/STM32F4xx_HAL_Driver/Src/stm32f4xx_ll_usb.o
                0x00000000080052ba                USB_ReadDevAllInEpInterrupt
 .text.USB_ReadDevOutEPInterrupt
                0x00000000080052ee       0x3c ./Drivers/STM32F4xx_HAL_Driver/Src/stm32f4xx_ll_usb.o
                0x00000000080052ee                USB_ReadDevOutEPInterrupt
 .text.USB_ReadDevInEPInterrupt
                0x000000000800532a       0x5c ./Drivers/STM32F4xx_HAL_Driver/Src/stm32f4xx_ll_usb.o
                0x000000000800532a                USB_ReadDevInEPInterrupt
 .text.USB_GetMode
                0x0000000008005386       0x1c ./Drivers/STM32F4xx_HAL_Driver/Src/stm32f4xx_ll_usb.o
                0x0000000008005386                USB_GetMode
 .text.USB_ActivateSetup
                0x00000000080053a2       0x46 ./Drivers/STM32F4xx_HAL_Driver/Src/stm32f4xx_ll_usb.o
                0x00000000080053a2                USB_ActivateSetup
 .text.USB_EP0_OutStart
                0x00000000080053e8       0xbc ./Drivers/STM32F4xx_HAL_Driver/Src/stm32f4xx_ll_usb.o
                0x00000000080053e8                USB_EP0_OutStart
 .text.USB_CoreReset
                0x00000000080054a4       0x68 ./Drivers/STM32F4xx_HAL_Driver/Src/stm32f4xx_ll_usb.o
 .text.USBD_CDC_Init
                0x000000000800550c      0x1f0 ./Middlewares/ST/STM32_USB_Device_Library/Class/CDC/Src/usbd_cdc.o
 .text.USBD_CDC_DeInit
                0x00000000080056fc      0x104 ./Middlewares/ST/STM32_USB_Device_Library/Class/CDC/Src/usbd_cdc.o
 .text.USBD_CDC_Setup
                0x0000000008005800      0x1b8 ./Middlewares/ST/STM32_USB_Device_Library/Class/CDC/Src/usbd_cdc.o
 .text.USBD_CDC_DataIn
                0x00000000080059b8       0xfe ./Middlewares/ST/STM32_USB_Device_Library/Class/CDC/Src/usbd_cdc.o
 .text.USBD_CDC_DataOut
                0x0000000008005ab6       0x70 ./Middlewares/ST/STM32_USB_Device_Library/Class/CDC/Src/usbd_cdc.o
 .text.USBD_CDC_EP0_RxReady
                0x0000000008005b26       0x76 ./Middlewares/ST/STM32_USB_Device_Library/Class/CDC/Src/usbd_cdc.o
 .text.USBD_CDC_GetFSCfgDesc
                0x0000000008005b9c       0x70 ./Middlewares/ST/STM32_USB_Device_Library/Class/CDC/Src/usbd_cdc.o
 .text.USBD_CDC_GetHSCfgDesc
                0x0000000008005c0c       0x70 ./Middlewares/ST/STM32_USB_Device_Library/Class/CDC/Src/usbd_cdc.o
 .text.USBD_CDC_GetOtherSpeedCfgDesc
                0x0000000008005c7c       0x70 ./Middlewares/ST/STM32_USB_Device_Library/Class/CDC/Src/usbd_cdc.o
 .text.USBD_CDC_GetDeviceQualifierDescriptor
                0x0000000008005cec       0x20 ./Middlewares/ST/STM32_USB_Device_Library/Class/CDC/Src/usbd_cdc.o
                0x0000000008005cec                USBD_CDC_GetDeviceQualifierDescriptor
 .text.USBD_CDC_RegisterInterface
                0x0000000008005d0c       0x34 ./Middlewares/ST/STM32_USB_Device_Library/Class/CDC/Src/usbd_cdc.o
                0x0000000008005d0c                USBD_CDC_RegisterInterface
 .text.USBD_CDC_SetTxBuffer
                0x0000000008005d40       0x44 ./Middlewares/ST/STM32_USB_Device_Library/Class/CDC/Src/usbd_cdc.o
                0x0000000008005d40                USBD_CDC_SetTxBuffer
 .text.USBD_CDC_SetRxBuffer
                0x0000000008005d84       0x3a ./Middlewares/ST/STM32_USB_Device_Library/Class/CDC/Src/usbd_cdc.o
                0x0000000008005d84                USBD_CDC_SetRxBuffer
 *fill*         0x0000000008005dbe        0x2 
 .text.USBD_CDC_TransmitPacket
                0x0000000008005dc0       0x8c ./Middlewares/ST/STM32_USB_Device_Library/Class/CDC/Src/usbd_cdc.o
                0x0000000008005dc0                USBD_CDC_TransmitPacket
 .text.USBD_CDC_ReceivePacket
                0x0000000008005e4c       0x6c ./Middlewares/ST/STM32_USB_Device_Library/Class/CDC/Src/usbd_cdc.o
                0x0000000008005e4c                USBD_CDC_ReceivePacket
 .text.USBD_Init
                0x0000000008005eb8       0x60 ./Middlewares/ST/STM32_USB_Device_Library/Core/Src/usbd_core.o
                0x0000000008005eb8                USBD_Init
 .text.USBD_RegisterClass
                0x0000000008005f18       0x6c ./Middlewares/ST/STM32_USB_Device_Library/Core/Src/usbd_core.o
                0x0000000008005f18                USBD_RegisterClass
 .text.USBD_Start
                0x0000000008005f84       0x18 ./Middlewares/ST/STM32_USB_Device_Library/Core/Src/usbd_core.o
                0x0000000008005f84                USBD_Start
 .text.USBD_RunTestMode
                0x0000000008005f9c       0x16 ./Middlewares/ST/STM32_USB_Device_Library/Core/Src/usbd_core.o
                0x0000000008005f9c                USBD_RunTestMode
 .text.USBD_SetClassConfig
                0x0000000008005fb2       0x38 ./Middlewares/ST/STM32_USB_Device_Library/Core/Src/usbd_core.o
                0x0000000008005fb2                USBD_SetClassConfig
 .text.USBD_ClrClassConfig
                0x0000000008005fea       0x34 ./Middlewares/ST/STM32_USB_Device_Library/Core/Src/usbd_core.o
                0x0000000008005fea                USBD_ClrClassConfig
 .text.USBD_LL_SetupStage
                0x000000000800601e       0xaa ./Middlewares/ST/STM32_USB_Device_Library/Core/Src/usbd_core.o
                0x000000000800601e                USBD_LL_SetupStage
 .text.USBD_LL_DataOutStage
                0x00000000080060c8      0x166 ./Middlewares/ST/STM32_USB_Device_Library/Core/Src/usbd_core.o
                0x00000000080060c8                USBD_LL_DataOutStage
 .text.USBD_LL_DataInStage
                0x000000000800622e      0x164 ./Middlewares/ST/STM32_USB_Device_Library/Core/Src/usbd_core.o
                0x000000000800622e                USBD_LL_DataInStage
 .text.USBD_LL_Reset
                0x0000000008006392       0xa4 ./Middlewares/ST/STM32_USB_Device_Library/Core/Src/usbd_core.o
                0x0000000008006392                USBD_LL_Reset
 .text.USBD_LL_SetSpeed
                0x0000000008006436       0x20 ./Middlewares/ST/STM32_USB_Device_Library/Core/Src/usbd_core.o
                0x0000000008006436                USBD_LL_SetSpeed
 .text.USBD_LL_Suspend
                0x0000000008006456       0x2c ./Middlewares/ST/STM32_USB_Device_Library/Core/Src/usbd_core.o
                0x0000000008006456                USBD_LL_Suspend
 .text.USBD_LL_Resume
                0x0000000008006482       0x30 ./Middlewares/ST/STM32_USB_Device_Library/Core/Src/usbd_core.o
                0x0000000008006482                USBD_LL_Resume
 .text.USBD_LL_SOF
                0x00000000080064b2       0x40 ./Middlewares/ST/STM32_USB_Device_Library/Core/Src/usbd_core.o
                0x00000000080064b2                USBD_LL_SOF
 .text.USBD_LL_IsoINIncomplete
                0x00000000080064f2       0x64 ./Middlewares/ST/STM32_USB_Device_Library/Core/Src/usbd_core.o
                0x00000000080064f2                USBD_LL_IsoINIncomplete
 .text.USBD_LL_IsoOUTIncomplete
                0x0000000008006556       0x64 ./Middlewares/ST/STM32_USB_Device_Library/Core/Src/usbd_core.o
                0x0000000008006556                USBD_LL_IsoOUTIncomplete
 .text.USBD_LL_DevConnected
                0x00000000080065ba       0x16 ./Middlewares/ST/STM32_USB_Device_Library/Core/Src/usbd_core.o
                0x00000000080065ba                USBD_LL_DevConnected
 .text.USBD_LL_DevDisconnected
                0x00000000080065d0       0x46 ./Middlewares/ST/STM32_USB_Device_Library/Core/Src/usbd_core.o
                0x00000000080065d0                USBD_LL_DevDisconnected
 .text.USBD_CoreFindIF
                0x0000000008006616       0x1a ./Middlewares/ST/STM32_USB_Device_Library/Core/Src/usbd_core.o
                0x0000000008006616                USBD_CoreFindIF
 .text.USBD_CoreFindEP
                0x0000000008006630       0x1a ./Middlewares/ST/STM32_USB_Device_Library/Core/Src/usbd_core.o
                0x0000000008006630                USBD_CoreFindEP
 .text.USBD_GetEpDesc
                0x000000000800664a       0x74 ./Middlewares/ST/STM32_USB_Device_Library/Core/Src/usbd_core.o
                0x000000000800664a                USBD_GetEpDesc
 .text.USBD_GetNextDesc
                0x00000000080066be       0x3a ./Middlewares/ST/STM32_USB_Device_Library/Core/Src/usbd_core.o
                0x00000000080066be                USBD_GetNextDesc
 .text.SWAPBYTE
                0x00000000080066f8       0x3c ./Middlewares/ST/STM32_USB_Device_Library/Core/Src/usbd_ctlreq.o
 .text.USBD_StdDevReq
                0x0000000008006734       0xe4 ./Middlewares/ST/STM32_USB_Device_Library/Core/Src/usbd_ctlreq.o
                0x0000000008006734                USBD_StdDevReq
 .text.USBD_StdItfReq
                0x0000000008006818       0xd8 ./Middlewares/ST/STM32_USB_Device_Library/Core/Src/usbd_ctlreq.o
                0x0000000008006818                USBD_StdItfReq
 .text.USBD_StdEPReq
                0x00000000080068f0      0x33a ./Middlewares/ST/STM32_USB_Device_Library/Core/Src/usbd_ctlreq.o
                0x00000000080068f0                USBD_StdEPReq
 *fill*         0x0000000008006c2a        0x2 
 .text.USBD_GetDescriptor
                0x0000000008006c2c      0x2d4 ./Middlewares/ST/STM32_USB_Device_Library/Core/Src/usbd_ctlreq.o
 .text.USBD_SetAddress
                0x0000000008006f00       0x88 ./Middlewares/ST/STM32_USB_Device_Library/Core/Src/usbd_ctlreq.o
 .text.USBD_SetConfig
                0x0000000008006f88      0x154 ./Middlewares/ST/STM32_USB_Device_Library/Core/Src/usbd_ctlreq.o
 .text.USBD_GetConfig
                0x00000000080070dc       0x6c ./Middlewares/ST/STM32_USB_Device_Library/Core/Src/usbd_ctlreq.o
 .text.USBD_GetStatus
                0x0000000008007148       0x68 ./Middlewares/ST/STM32_USB_Device_Library/Core/Src/usbd_ctlreq.o
 .text.USBD_SetFeature
                0x00000000080071b0       0x52 ./Middlewares/ST/STM32_USB_Device_Library/Core/Src/usbd_ctlreq.o
 .text.USBD_ClrFeature
                0x0000000008007202       0x44 ./Middlewares/ST/STM32_USB_Device_Library/Core/Src/usbd_ctlreq.o
 .text.USBD_ParseSetupRequest
                0x0000000008007246       0x74 ./Middlewares/ST/STM32_USB_Device_Library/Core/Src/usbd_ctlreq.o
                0x0000000008007246                USBD_ParseSetupRequest
 .text.USBD_CtlError
                0x00000000080072ba       0x22 ./Middlewares/ST/STM32_USB_Device_Library/Core/Src/usbd_ctlreq.o
                0x00000000080072ba                USBD_CtlError
 .text.USBD_GetString
                0x00000000080072dc       0x8c ./Middlewares/ST/STM32_USB_Device_Library/Core/Src/usbd_ctlreq.o
                0x00000000080072dc                USBD_GetString
 .text.USBD_GetLen
                0x0000000008007368       0x34 ./Middlewares/ST/STM32_USB_Device_Library/Core/Src/usbd_ctlreq.o
 .text.USBD_CtlSendData
                0x000000000800739c       0x36 ./Middlewares/ST/STM32_USB_Device_Library/Core/Src/usbd_ioreq.o
                0x000000000800739c                USBD_CtlSendData
 .text.USBD_CtlContinueSendData
                0x00000000080073d2       0x22 ./Middlewares/ST/STM32_USB_Device_Library/Core/Src/usbd_ioreq.o
                0x00000000080073d2                USBD_CtlContinueSendData
 .text.USBD_CtlPrepareRx
                0x00000000080073f4       0x3a ./Middlewares/ST/STM32_USB_Device_Library/Core/Src/usbd_ioreq.o
                0x00000000080073f4                USBD_CtlPrepareRx
 .text.USBD_CtlContinueRx
                0x000000000800742e       0x22 ./Middlewares/ST/STM32_USB_Device_Library/Core/Src/usbd_ioreq.o
                0x000000000800742e                USBD_CtlContinueRx
 .text.USBD_CtlSendStatus
                0x0000000008007450       0x26 ./Middlewares/ST/STM32_USB_Device_Library/Core/Src/usbd_ioreq.o
                0x0000000008007450                USBD_CtlSendStatus
 .text.USBD_CtlReceiveStatus
                0x0000000008007476       0x26 ./Middlewares/ST/STM32_USB_Device_Library/Core/Src/usbd_ioreq.o
                0x0000000008007476                USBD_CtlReceiveStatus
 .text.MX_USB_DEVICE_Init
                0x000000000800749c       0x60 ./USB_DEVICE/App/usb_device.o
                0x000000000800749c                MX_USB_DEVICE_Init
 .text.CDC_Init_FS
                0x00000000080074fc       0x28 ./USB_DEVICE/App/usbd_cdc_if.o
 .text.CDC_DeInit_FS
                0x0000000008007524       0x10 ./USB_DEVICE/App/usbd_cdc_if.o
 .text.CDC_Control_FS
                0x0000000008007534       0xbc ./USB_DEVICE/App/usbd_cdc_if.o
 .text.CDC_Receive_FS
                0x00000000080075f0       0x28 ./USB_DEVICE/App/usbd_cdc_if.o
 .text.CDC_Transmit_FS
                0x0000000008007618       0x4c ./USB_DEVICE/App/usbd_cdc_if.o
                0x0000000008007618                CDC_Transmit_FS
 .text.CDC_TransmitCplt_FS
                0x0000000008007664       0x22 ./USB_DEVICE/App/usbd_cdc_if.o
 *fill*         0x0000000008007686        0x2 
 .text.USBD_FS_DeviceDescriptor
                0x0000000008007688       0x24 ./USB_DEVICE/App/usbd_desc.o
                0x0000000008007688                USBD_FS_DeviceDescriptor
 .text.USBD_FS_LangIDStrDescriptor
                0x00000000080076ac       0x24 ./USB_DEVICE/App/usbd_desc.o
                0x00000000080076ac                USBD_FS_LangIDStrDescriptor
 .text.USBD_FS_ProductStrDescriptor
                0x00000000080076d0       0x3c ./USB_DEVICE/App/usbd_desc.o
                0x00000000080076d0                USBD_FS_ProductStrDescriptor
 .text.USBD_FS_ManufacturerStrDescriptor
                0x000000000800770c       0x28 ./USB_DEVICE/App/usbd_desc.o
                0x000000000800770c                USBD_FS_ManufacturerStrDescriptor
 .text.USBD_FS_SerialStrDescriptor
                0x0000000008007734       0x24 ./USB_DEVICE/App/usbd_desc.o
                0x0000000008007734                USBD_FS_SerialStrDescriptor
 .text.USBD_FS_ConfigStrDescriptor
                0x0000000008007758       0x3c ./USB_DEVICE/App/usbd_desc.o
                0x0000000008007758                USBD_FS_ConfigStrDescriptor
 .text.USBD_FS_InterfaceStrDescriptor
                0x0000000008007794       0x3c ./USB_DEVICE/App/usbd_desc.o
                0x0000000008007794                USBD_FS_InterfaceStrDescriptor
 .text.Get_SerialNum
                0x00000000080077d0       0x58 ./USB_DEVICE/App/usbd_desc.o
 .text.IntToUnicode
                0x0000000008007828       0x7e ./USB_DEVICE/App/usbd_desc.o
 *fill*         0x00000000080078a6        0x2 
 .text.HAL_PCD_MspInit
                0x00000000080078a8       0xc4 ./USB_DEVICE/Target/usbd_conf.o
                0x00000000080078a8                HAL_PCD_MspInit
 .text.HAL_PCD_SetupStageCallback
                0x000000000800796c       0x24 ./USB_DEVICE/Target/usbd_conf.o
                0x000000000800796c                HAL_PCD_SetupStageCallback
 .text.HAL_PCD_DataOutStageCallback
                0x0000000008007990       0x36 ./USB_DEVICE/Target/usbd_conf.o
                0x0000000008007990                HAL_PCD_DataOutStageCallback
 .text.HAL_PCD_DataInStageCallback
                0x00000000080079c6       0x34 ./USB_DEVICE/Target/usbd_conf.o
                0x00000000080079c6                HAL_PCD_DataInStageCallback
 .text.HAL_PCD_SOFCallback
                0x00000000080079fa       0x1c ./USB_DEVICE/Target/usbd_conf.o
                0x00000000080079fa                HAL_PCD_SOFCallback
 .text.HAL_PCD_ResetCallback
                0x0000000008007a16       0x50 ./USB_DEVICE/Target/usbd_conf.o
                0x0000000008007a16                HAL_PCD_ResetCallback
 *fill*         0x0000000008007a66        0x2 
 .text.HAL_PCD_SuspendCallback
                0x0000000008007a68       0x4c ./USB_DEVICE/Target/usbd_conf.o
                0x0000000008007a68                HAL_PCD_SuspendCallback
 .text.HAL_PCD_ResumeCallback
                0x0000000008007ab4       0x1c ./USB_DEVICE/Target/usbd_conf.o
                0x0000000008007ab4                HAL_PCD_ResumeCallback
 .text.HAL_PCD_ISOOUTIncompleteCallback
                0x0000000008007ad0       0x24 ./USB_DEVICE/Target/usbd_conf.o
                0x0000000008007ad0                HAL_PCD_ISOOUTIncompleteCallback
 .text.HAL_PCD_ISOINIncompleteCallback
                0x0000000008007af4       0x24 ./USB_DEVICE/Target/usbd_conf.o
                0x0000000008007af4                HAL_PCD_ISOINIncompleteCallback
 .text.HAL_PCD_ConnectCallback
                0x0000000008007b18       0x1c ./USB_DEVICE/Target/usbd_conf.o
                0x0000000008007b18                HAL_PCD_ConnectCallback
 .text.HAL_PCD_DisconnectCallback
                0x0000000008007b34       0x1c ./USB_DEVICE/Target/usbd_conf.o
                0x0000000008007b34                HAL_PCD_DisconnectCallback
 .text.USBD_LL_Init
                0x0000000008007b50       0x98 ./USB_DEVICE/Target/usbd_conf.o
                0x0000000008007b50                USBD_LL_Init
 .text.USBD_LL_Start
                0x0000000008007be8       0x36 ./USB_DEVICE/Target/usbd_conf.o
                0x0000000008007be8                USBD_LL_Start
 .text.USBD_LL_OpenEP
                0x0000000008007c1e       0x4c ./USB_DEVICE/Target/usbd_conf.o
                0x0000000008007c1e                USBD_LL_OpenEP
 .text.USBD_LL_CloseEP
                0x0000000008007c6a       0x3e ./USB_DEVICE/Target/usbd_conf.o
                0x0000000008007c6a                USBD_LL_CloseEP
 .text.USBD_LL_StallEP
                0x0000000008007ca8       0x3e ./USB_DEVICE/Target/usbd_conf.o
                0x0000000008007ca8                USBD_LL_StallEP
 .text.USBD_LL_ClearStallEP
                0x0000000008007ce6       0x3e ./USB_DEVICE/Target/usbd_conf.o
                0x0000000008007ce6                USBD_LL_ClearStallEP
 .text.USBD_LL_IsStallEP
                0x0000000008007d24       0x58 ./USB_DEVICE/Target/usbd_conf.o
                0x0000000008007d24                USBD_LL_IsStallEP
 .text.USBD_LL_SetUSBAddress
                0x0000000008007d7c       0x3e ./USB_DEVICE/Target/usbd_conf.o
                0x0000000008007d7c                USBD_LL_SetUSBAddress
 .text.USBD_LL_Transmit
                0x0000000008007dba       0x42 ./USB_DEVICE/Target/usbd_conf.o
                0x0000000008007dba                USBD_LL_Transmit
 .text.USBD_LL_PrepareReceive
                0x0000000008007dfc       0x42 ./USB_DEVICE/Target/usbd_conf.o
                0x0000000008007dfc                USBD_LL_PrepareReceive
 .text.USBD_LL_GetRxDataSize
                0x0000000008007e3e       0x26 ./USB_DEVICE/Target/usbd_conf.o
                0x0000000008007e3e                USBD_LL_GetRxDataSize
 .text.USBD_static_malloc
                0x0000000008007e64       0x1c ./USB_DEVICE/Target/usbd_conf.o
                0x0000000008007e64                USBD_static_malloc
 .text.USBD_static_free
                0x0000000008007e80       0x14 ./USB_DEVICE/Target/usbd_conf.o
                0x0000000008007e80                USBD_static_free
 .text.USBD_Get_USB_Status
                0x0000000008007e94       0x58 ./USB_DEVICE/Target/usbd_conf.o
                0x0000000008007e94                USBD_Get_USB_Status
 .text.__libc_init_array
                0x0000000008007eec       0x48 c:/st/stm32cubeide_1.9.0/stm32cubeide/plugins/com.st.stm32cube.ide.mcu.externaltools.gnu-tools-for-stm32.10.3-2021.10.win32_1.0.0.202111181127/tools/bin/../lib/gcc/arm-none-eabi/10.3.1/../../../../arm-none-eabi/lib/thumb/v7e-m+fp/hard\libc_nano.a(lib_a-init.o)
                0x0000000008007eec                __libc_init_array
 .text.memset   0x0000000008007f34       0x10 c:/st/stm32cubeide_1.9.0/stm32cubeide/plugins/com.st.stm32cube.ide.mcu.externaltools.gnu-tools-for-stm32.10.3-2021.10.win32_1.0.0.202111181127/tools/bin/../lib/gcc/arm-none-eabi/10.3.1/../../../../arm-none-eabi/lib/thumb/v7e-m+fp/hard\libc_nano.a(lib_a-memset.o)
                0x0000000008007f34                memset
 *(.glue_7)
 .glue_7        0x0000000008007f44        0x0 linker stubs
 *(.glue_7t)
 .glue_7t       0x0000000008007f44        0x0 linker stubs
 *(.eh_frame)
 .eh_frame      0x0000000008007f44        0x0 c:/st/stm32cubeide_1.9.0/stm32cubeide/plugins/com.st.stm32cube.ide.mcu.externaltools.gnu-tools-for-stm32.10.3-2021.10.win32_1.0.0.202111181127/tools/bin/../lib/gcc/arm-none-eabi/10.3.1/thumb/v7e-m+fp/hard/crtbegin.o
 *(.init)
 .init          0x0000000008007f44        0x4 c:/st/stm32cubeide_1.9.0/stm32cubeide/plugins/com.st.stm32cube.ide.mcu.externaltools.gnu-tools-for-stm32.10.3-2021.10.win32_1.0.0.202111181127/tools/bin/../lib/gcc/arm-none-eabi/10.3.1/thumb/v7e-m+fp/hard/crti.o
                0x0000000008007f44                _init
 .init          0x0000000008007f48        0x8 c:/st/stm32cubeide_1.9.0/stm32cubeide/plugins/com.st.stm32cube.ide.mcu.externaltools.gnu-tools-for-stm32.10.3-2021.10.win32_1.0.0.202111181127/tools/bin/../lib/gcc/arm-none-eabi/10.3.1/thumb/v7e-m+fp/hard/crtn.o
 *(.fini)
 .fini          0x0000000008007f50        0x4 c:/st/stm32cubeide_1.9.0/stm32cubeide/plugins/com.st.stm32cube.ide.mcu.externaltools.gnu-tools-for-stm32.10.3-2021.10.win32_1.0.0.202111181127/tools/bin/../lib/gcc/arm-none-eabi/10.3.1/thumb/v7e-m+fp/hard/crti.o
                0x0000000008007f50                _fini
 .fini          0x0000000008007f54        0x8 c:/st/stm32cubeide_1.9.0/stm32cubeide/plugins/com.st.stm32cube.ide.mcu.externaltools.gnu-tools-for-stm32.10.3-2021.10.win32_1.0.0.202111181127/tools/bin/../lib/gcc/arm-none-eabi/10.3.1/thumb/v7e-m+fp/hard/crtn.o
                0x0000000008007f5c                . = ALIGN (0x4)
                0x0000000008007f5c                _etext = .

.vfp11_veneer   0x0000000008007f5c        0x0
 .vfp11_veneer  0x0000000008007f5c        0x0 linker stubs

.v4_bx          0x0000000008007f5c        0x0
 .v4_bx         0x0000000008007f5c        0x0 linker stubs

.iplt           0x0000000008007f5c        0x0
 .iplt          0x0000000008007f5c        0x0 c:/st/stm32cubeide_1.9.0/stm32cubeide/plugins/com.st.stm32cube.ide.mcu.externaltools.gnu-tools-for-stm32.10.3-2021.10.win32_1.0.0.202111181127/tools/bin/../lib/gcc/arm-none-eabi/10.3.1/thumb/v7e-m+fp/hard/crtbegin.o

.rodata         0x0000000008007f5c       0x70
                0x0000000008007f5c                . = ALIGN (0x4)
 *(.rodata)
 .rodata        0x0000000008007f5c        0xe ./Core/Src/main.o
 *fill*         0x0000000008007f6a        0x2 
 .rodata        0x0000000008007f6c       0x46 ./USB_DEVICE/App/usbd_desc.o
 *(.rodata*)
 *fill*         0x0000000008007fb2        0x2 
 .rodata.AHBPrescTable
                0x0000000008007fb4       0x10 ./Core/Src/system_stm32f4xx.o
                0x0000000008007fb4                AHBPrescTable
 .rodata.APBPrescTable
                0x0000000008007fc4        0x8 ./Core/Src/system_stm32f4xx.o
                0x0000000008007fc4                APBPrescTable
                0x0000000008007fcc                . = ALIGN (0x4)

.ARM.extab      0x0000000008007fcc        0x0
                0x0000000008007fcc                . = ALIGN (0x4)
 *(.ARM.extab* .gnu.linkonce.armextab.*)
                0x0000000008007fcc                . = ALIGN (0x4)

.ARM            0x0000000008007fcc        0x8
                0x0000000008007fcc                . = ALIGN (0x4)
                0x0000000008007fcc                __exidx_start = .
 *(.ARM.exidx*)
 .ARM.exidx     0x0000000008007fcc        0x8 c:/st/stm32cubeide_1.9.0/stm32cubeide/plugins/com.st.stm32cube.ide.mcu.externaltools.gnu-tools-for-stm32.10.3-2021.10.win32_1.0.0.202111181127/tools/bin/../lib/gcc/arm-none-eabi/10.3.1/thumb/v7e-m+fp/hard\libgcc.a(_udivmoddi4.o)
                0x0000000008007fd4                __exidx_end = .
                0x0000000008007fd4                . = ALIGN (0x4)

.rel.dyn        0x0000000008007fd4        0x0
 .rel.iplt      0x0000000008007fd4        0x0 c:/st/stm32cubeide_1.9.0/stm32cubeide/plugins/com.st.stm32cube.ide.mcu.externaltools.gnu-tools-for-stm32.10.3-2021.10.win32_1.0.0.202111181127/tools/bin/../lib/gcc/arm-none-eabi/10.3.1/thumb/v7e-m+fp/hard/crtbegin.o

.preinit_array  0x0000000008007fd4        0x0
                0x0000000008007fd4                . = ALIGN (0x4)
                0x0000000008007fd4                PROVIDE (__preinit_array_start = .)
 *(.preinit_array*)
                0x0000000008007fd4                PROVIDE (__preinit_array_end = .)
                0x0000000008007fd4                . = ALIGN (0x4)

.init_array     0x0000000008007fd4        0x4
                0x0000000008007fd4                . = ALIGN (0x4)
                0x0000000008007fd4                PROVIDE (__init_array_start = .)
 *(SORT_BY_NAME(.init_array.*))
 *(.init_array*)
 .init_array    0x0000000008007fd4        0x4 c:/st/stm32cubeide_1.9.0/stm32cubeide/plugins/com.st.stm32cube.ide.mcu.externaltools.gnu-tools-for-stm32.10.3-2021.10.win32_1.0.0.202111181127/tools/bin/../lib/gcc/arm-none-eabi/10.3.1/thumb/v7e-m+fp/hard/crtbegin.o
                0x0000000008007fd8                PROVIDE (__init_array_end = .)
                0x0000000008007fd8                . = ALIGN (0x4)

.fini_array     0x0000000008007fd8        0x4
                0x0000000008007fd8                . = ALIGN (0x4)
                [!provide]                        PROVIDE (__fini_array_start = .)
 *(SORT_BY_NAME(.fini_array.*))
 *(.fini_array*)
 .fini_array    0x0000000008007fd8        0x4 c:/st/stm32cubeide_1.9.0/stm32cubeide/plugins/com.st.stm32cube.ide.mcu.externaltools.gnu-tools-for-stm32.10.3-2021.10.win32_1.0.0.202111181127/tools/bin/../lib/gcc/arm-none-eabi/10.3.1/thumb/v7e-m+fp/hard/crtbegin.o
                [!provide]                        PROVIDE (__fini_array_end = .)
                0x0000000008007fdc                . = ALIGN (0x4)
                0x0000000008007fdc                _sidata = LOADADDR (.data)

.data           0x0000000020000000       0xfc load address 0x0000000008007fdc
                0x0000000020000000                . = ALIGN (0x4)
                0x0000000020000000                _sdata = .
 *(.data)
 *(.data*)
 .data.SystemCoreClock
                0x0000000020000000        0x4 ./Core/Src/system_stm32f4xx.o
                0x0000000020000000                SystemCoreClock
 .data.uwTickPrio
                0x0000000020000004        0x4 ./Drivers/STM32F4xx_HAL_Driver/Src/stm32f4xx_hal.o
                0x0000000020000004                uwTickPrio
 .data.uwTickFreq
                0x0000000020000008        0x1 ./Drivers/STM32F4xx_HAL_Driver/Src/stm32f4xx_hal.o
                0x0000000020000008                uwTickFreq
 *fill*         0x0000000020000009        0x3 
 .data.USBD_CDC_DeviceQualifierDesc
                0x000000002000000c        0xa ./Middlewares/ST/STM32_USB_Device_Library/Class/CDC/Src/usbd_cdc.o
 *fill*         0x0000000020000016        0x2 
 .data.USBD_CDC
                0x0000000020000018       0x38 ./Middlewares/ST/STM32_USB_Device_Library/Class/CDC/Src/usbd_cdc.o
                0x0000000020000018                USBD_CDC
 .data.USBD_CDC_CfgDesc
                0x0000000020000050       0x43 ./Middlewares/ST/STM32_USB_Device_Library/Class/CDC/Src/usbd_cdc.o
 .data.CDCInEpAdd
                0x0000000020000093        0x1 ./Middlewares/ST/STM32_USB_Device_Library/Class/CDC/Src/usbd_cdc.o
 .data.CDCOutEpAdd
                0x0000000020000094        0x1 ./Middlewares/ST/STM32_USB_Device_Library/Class/CDC/Src/usbd_cdc.o
 .data.CDCCmdEpAdd
                0x0000000020000095        0x1 ./Middlewares/ST/STM32_USB_Device_Library/Class/CDC/Src/usbd_cdc.o
 *fill*         0x0000000020000096        0x2 
 .data.USBD_Interface_fops_FS
                0x0000000020000098       0x14 ./USB_DEVICE/App/usbd_cdc_if.o
                0x0000000020000098                USBD_Interface_fops_FS
 .data.FS_Desc  0x00000000200000ac       0x1c ./USB_DEVICE/App/usbd_desc.o
                0x00000000200000ac                FS_Desc
 .data.USBD_FS_DeviceDesc
                0x00000000200000c8       0x12 ./USB_DEVICE/App/usbd_desc.o
                0x00000000200000c8                USBD_FS_DeviceDesc
 *fill*         0x00000000200000da        0x2 
 .data.USBD_LangIDDesc
                0x00000000200000dc        0x4 ./USB_DEVICE/App/usbd_desc.o
                0x00000000200000dc                USBD_LangIDDesc
 .data.USBD_StringSerial
                0x00000000200000e0       0x1a ./USB_DEVICE/App/usbd_desc.o
                0x00000000200000e0                USBD_StringSerial
 *(.RamFunc)
 *(.RamFunc*)
                0x00000000200000fc                . = ALIGN (0x4)
 *fill*         0x00000000200000fa        0x2 
                0x00000000200000fc                _edata = .
                0x00000000080080d8                _siccmram = LOADADDR (.ccmram)

.igot.plt       0x00000000200000fc        0x0 load address 0x00000000080080d8
 .igot.plt      0x00000000200000fc        0x0 c:/st/stm32cubeide_1.9.0/stm32cubeide/plugins/com.st.stm32cube.ide.mcu.externaltools.gnu-tools-for-stm32.10.3-2021.10.win32_1.0.0.202111181127/tools/bin/../lib/gcc/arm-none-eabi/10.3.1/thumb/v7e-m+fp/hard/crtbegin.o

.ccmram         0x0000000010000000        0x0 load address 0x00000000080080d8
                0x0000000010000000                . = ALIGN (0x4)
                0x0000000010000000                _sccmram = .
 *(.ccmram)
 *(.ccmram*)
                0x0000000010000000                . = ALIGN (0x4)
                0x0000000010000000                _eccmram = .
                0x0000000010000000                . = ALIGN (0x4)

.bss            0x00000000200000fc     0x1ea0
                0x00000000200000fc                _sbss = .
                0x00000000200000fc                __bss_start__ = _sbss
 *(.bss)
 .bss           0x00000000200000fc       0x1c c:/st/stm32cubeide_1.9.0/stm32cubeide/plugins/com.st.stm32cube.ide.mcu.externaltools.gnu-tools-for-stm32.10.3-2021.10.win32_1.0.0.202111181127/tools/bin/../lib/gcc/arm-none-eabi/10.3.1/thumb/v7e-m+fp/hard/crtbegin.o
 *(.bss*)
 .bss.TxConfig  0x0000000020000118       0x38 ./Core/Src/main.o
                0x0000000020000118                TxConfig
 .bss.DMARxDscrTab
                0x0000000020000150       0xa0 ./Core/Src/main.o
                0x0000000020000150                DMARxDscrTab
 .bss.DMATxDscrTab
                0x00000000200001f0       0xa0 ./Core/Src/main.o
                0x00000000200001f0                DMATxDscrTab
 .bss.heth      0x0000000020000290       0xb0 ./Core/Src/main.o
                0x0000000020000290                heth
 .bss.huart3    0x0000000020000340       0x44 ./Core/Src/main.o
                0x0000000020000340                huart3
 .bss.MACAddr.0
                0x0000000020000384        0x6 ./Core/Src/main.o
 *fill*         0x000000002000038a        0x2 
 .bss.uwTick    0x000000002000038c        0x4 ./Drivers/STM32F4xx_HAL_Driver/Src/stm32f4xx_hal.o
                0x000000002000038c                uwTick
 .bss.cfgidx.0  0x0000000020000390        0x1 ./Middlewares/ST/STM32_USB_Device_Library/Core/Src/usbd_ctlreq.o
 *fill*         0x0000000020000391        0x3 
 .bss.hUsbDeviceFS
                0x0000000020000394      0x2dc ./USB_DEVICE/App/usb_device.o
                0x0000000020000394                hUsbDeviceFS
 .bss.UserRxBufferFS
                0x0000000020000670      0x800 ./USB_DEVICE/App/usbd_cdc_if.o
                0x0000000020000670                UserRxBufferFS
 .bss.UserTxBufferFS
                0x0000000020000e70      0x800 ./USB_DEVICE/App/usbd_cdc_if.o
                0x0000000020000e70                UserTxBufferFS
 .bss.USBD_StrDesc
                0x0000000020001670      0x200 ./USB_DEVICE/App/usbd_desc.o
                0x0000000020001670                USBD_StrDesc
 .bss.hpcd_USB_OTG_FS
                0x0000000020001870      0x50c ./USB_DEVICE/Target/usbd_conf.o
                0x0000000020001870                hpcd_USB_OTG_FS
 .bss.mem.0     0x0000000020001d7c      0x220 ./USB_DEVICE/Target/usbd_conf.o
 *(COMMON)
                0x0000000020001f9c                . = ALIGN (0x4)
                0x0000000020001f9c                _ebss = .
                0x0000000020001f9c                __bss_end__ = _ebss

._user_heap_stack
                0x0000000020001f9c      0x604
                0x0000000020001fa0                . = ALIGN (0x8)
 *fill*         0x0000000020001f9c        0x4 
                [!provide]                        PROVIDE (end = .)
                0x0000000020001fa0                PROVIDE (_end = .)
                0x00000000200021a0                . = (. + _Min_Heap_Size)
 *fill*         0x0000000020001fa0      0x200 
                0x00000000200025a0                . = (. + _Min_Stack_Size)
 *fill*         0x00000000200021a0      0x400 
                0x00000000200025a0                . = ALIGN (0x8)

/DISCARD/
 libc.a(*)
 libm.a(*)
 libgcc.a(*)

.ARM.attributes
                0x0000000000000000       0x30
 *(.ARM.attributes)
 .ARM.attributes
                0x0000000000000000       0x1e c:/st/stm32cubeide_1.9.0/stm32cubeide/plugins/com.st.stm32cube.ide.mcu.externaltools.gnu-tools-for-stm32.10.3-2021.10.win32_1.0.0.202111181127/tools/bin/../lib/gcc/arm-none-eabi/10.3.1/thumb/v7e-m+fp/hard/crti.o
 .ARM.attributes
                0x000000000000001e       0x34 c:/st/stm32cubeide_1.9.0/stm32cubeide/plugins/com.st.stm32cube.ide.mcu.externaltools.gnu-tools-for-stm32.10.3-2021.10.win32_1.0.0.202111181127/tools/bin/../lib/gcc/arm-none-eabi/10.3.1/thumb/v7e-m+fp/hard/crtbegin.o
 .ARM.attributes
                0x0000000000000052       0x34 ./Core/Src/main.o
 .ARM.attributes
                0x0000000000000086       0x34 ./Core/Src/stm32f4xx_hal_msp.o
 .ARM.attributes
                0x00000000000000ba       0x34 ./Core/Src/stm32f4xx_it.o
 .ARM.attributes
                0x00000000000000ee       0x34 ./Core/Src/system_stm32f4xx.o
 .ARM.attributes
                0x0000000000000122       0x21 ./Core/Startup/startup_stm32f429zitx.o
 .ARM.attributes
                0x0000000000000143       0x34 ./Drivers/STM32F4xx_HAL_Driver/Src/stm32f4xx_hal.o
 .ARM.attributes
                0x0000000000000177       0x34 ./Drivers/STM32F4xx_HAL_Driver/Src/stm32f4xx_hal_cortex.o
 .ARM.attributes
                0x00000000000001ab       0x34 ./Drivers/STM32F4xx_HAL_Driver/Src/stm32f4xx_hal_eth.o
 .ARM.attributes
                0x00000000000001df       0x34 ./Drivers/STM32F4xx_HAL_Driver/Src/stm32f4xx_hal_gpio.o
 .ARM.attributes
                0x0000000000000213       0x34 ./Drivers/STM32F4xx_HAL_Driver/Src/stm32f4xx_hal_pcd.o
 .ARM.attributes
                0x0000000000000247       0x34 ./Drivers/STM32F4xx_HAL_Driver/Src/stm32f4xx_hal_pcd_ex.o
 .ARM.attributes
                0x000000000000027b       0x34 ./Drivers/STM32F4xx_HAL_Driver/Src/stm32f4xx_hal_rcc.o
 .ARM.attributes
                0x00000000000002af       0x34 ./Drivers/STM32F4xx_HAL_Driver/Src/stm32f4xx_hal_uart.o
 .ARM.attributes
                0x00000000000002e3       0x34 ./Drivers/STM32F4xx_HAL_Driver/Src/stm32f4xx_ll_usb.o
 .ARM.attributes
                0x0000000000000317       0x34 ./Middlewares/ST/STM32_USB_Device_Library/Class/CDC/Src/usbd_cdc.o
 .ARM.attributes
                0x000000000000034b       0x34 ./Middlewares/ST/STM32_USB_Device_Library/Core/Src/usbd_core.o
 .ARM.attributes
                0x000000000000037f       0x34 ./Middlewares/ST/STM32_USB_Device_Library/Core/Src/usbd_ctlreq.o
 .ARM.attributes
                0x00000000000003b3       0x34 ./Middlewares/ST/STM32_USB_Device_Library/Core/Src/usbd_ioreq.o
 .ARM.attributes
                0x00000000000003e7       0x34 ./USB_DEVICE/App/usb_device.o
 .ARM.attributes
                0x000000000000041b       0x34 ./USB_DEVICE/App/usbd_cdc_if.o
 .ARM.attributes
                0x000000000000044f       0x34 ./USB_DEVICE/App/usbd_desc.o
 .ARM.attributes
                0x0000000000000483       0x34 ./USB_DEVICE/Target/usbd_conf.o
 .ARM.attributes
                0x00000000000004b7       0x34 c:/st/stm32cubeide_1.9.0/stm32cubeide/plugins/com.st.stm32cube.ide.mcu.externaltools.gnu-tools-for-stm32.10.3-2021.10.win32_1.0.0.202111181127/tools/bin/../lib/gcc/arm-none-eabi/10.3.1/../../../../arm-none-eabi/lib/thumb/v7e-m+fp/hard\libc_nano.a(lib_a-init.o)
 .ARM.attributes
                0x00000000000004eb       0x34 c:/st/stm32cubeide_1.9.0/stm32cubeide/plugins/com.st.stm32cube.ide.mcu.externaltools.gnu-tools-for-stm32.10.3-2021.10.win32_1.0.0.202111181127/tools/bin/../lib/gcc/arm-none-eabi/10.3.1/../../../../arm-none-eabi/lib/thumb/v7e-m+fp/hard\libc_nano.a(lib_a-memset.o)
 .ARM.attributes
                0x000000000000051f       0x17 c:/st/stm32cubeide_1.9.0/stm32cubeide/plugins/com.st.stm32cube.ide.mcu.externaltools.gnu-tools-for-stm32.10.3-2021.10.win32_1.0.0.202111181127/tools/bin/../lib/gcc/arm-none-eabi/10.3.1/../../../../arm-none-eabi/lib/thumb/v7e-m+fp/hard\libc_nano.a(lib_a-strlen.o)
 .ARM.attributes
                0x0000000000000536       0x1e c:/st/stm32cubeide_1.9.0/stm32cubeide/plugins/com.st.stm32cube.ide.mcu.externaltools.gnu-tools-for-stm32.10.3-2021.10.win32_1.0.0.202111181127/tools/bin/../lib/gcc/arm-none-eabi/10.3.1/thumb/v7e-m+fp/hard\libgcc.a(_aeabi_uldivmod.o)
 .ARM.attributes
                0x0000000000000554       0x34 c:/st/stm32cubeide_1.9.0/stm32cubeide/plugins/com.st.stm32cube.ide.mcu.externaltools.gnu-tools-for-stm32.10.3-2021.10.win32_1.0.0.202111181127/tools/bin/../lib/gcc/arm-none-eabi/10.3.1/thumb/v7e-m+fp/hard\libgcc.a(_udivmoddi4.o)
 .ARM.attributes
                0x0000000000000588       0x1e c:/st/stm32cubeide_1.9.0/stm32cubeide/plugins/com.st.stm32cube.ide.mcu.externaltools.gnu-tools-for-stm32.10.3-2021.10.win32_1.0.0.202111181127/tools/bin/../lib/gcc/arm-none-eabi/10.3.1/thumb/v7e-m+fp/hard\libgcc.a(_dvmd_tls.o)
 .ARM.attributes
                0x00000000000005a6       0x1e c:/st/stm32cubeide_1.9.0/stm32cubeide/plugins/com.st.stm32cube.ide.mcu.externaltools.gnu-tools-for-stm32.10.3-2021.10.win32_1.0.0.202111181127/tools/bin/../lib/gcc/arm-none-eabi/10.3.1/thumb/v7e-m+fp/hard/crtn.o
OUTPUT(CDC.elf elf32-littlearm)
LOAD linker stubs
LOAD c:/st/stm32cubeide_1.9.0/stm32cubeide/plugins/com.st.stm32cube.ide.mcu.externaltools.gnu-tools-for-stm32.10.3-2021.10.win32_1.0.0.202111181127/tools/bin/../lib/gcc/arm-none-eabi/10.3.1/../../../../arm-none-eabi/lib/thumb/v7e-m+fp/hard\libc.a
LOAD c:/st/stm32cubeide_1.9.0/stm32cubeide/plugins/com.st.stm32cube.ide.mcu.externaltools.gnu-tools-for-stm32.10.3-2021.10.win32_1.0.0.202111181127/tools/bin/../lib/gcc/arm-none-eabi/10.3.1/../../../../arm-none-eabi/lib/thumb/v7e-m+fp/hard\libm.a
LOAD c:/st/stm32cubeide_1.9.0/stm32cubeide/plugins/com.st.stm32cube.ide.mcu.externaltools.gnu-tools-for-stm32.10.3-2021.10.win32_1.0.0.202111181127/tools/bin/../lib/gcc/arm-none-eabi/10.3.1/thumb/v7e-m+fp/hard\libgcc.a

.debug_info     0x0000000000000000    0x153aa
 .debug_info    0x0000000000000000     0x177e ./Core/Src/main.o
 .debug_info    0x000000000000177e     0x1336 ./Core/Src/stm32f4xx_hal_msp.o
 .debug_info    0x0000000000002ab4      0x650 ./Core/Src/stm32f4xx_it.o
 .debug_info    0x0000000000003104      0x53f ./Core/Src/system_stm32f4xx.o
 .debug_info    0x0000000000003643       0x22 ./Core/Startup/startup_stm32f429zitx.o
 .debug_info    0x0000000000003665      0x9f4 ./Drivers/STM32F4xx_HAL_Driver/Src/stm32f4xx_hal.o
 .debug_info    0x0000000000004059      0xe51 ./Drivers/STM32F4xx_HAL_Driver/Src/stm32f4xx_hal_cortex.o
 .debug_info    0x0000000000004eaa     0x21c9 ./Drivers/STM32F4xx_HAL_Driver/Src/stm32f4xx_hal_eth.o
 .debug_info    0x0000000000007073      0x786 ./Drivers/STM32F4xx_HAL_Driver/Src/stm32f4xx_hal_gpio.o
 .debug_info    0x00000000000077f9     0x1695 ./Drivers/STM32F4xx_HAL_Driver/Src/stm32f4xx_hal_pcd.o
 .debug_info    0x0000000000008e8e      0x717 ./Drivers/STM32F4xx_HAL_Driver/Src/stm32f4xx_hal_pcd_ex.o
 .debug_info    0x00000000000095a5      0x982 ./Drivers/STM32F4xx_HAL_Driver/Src/stm32f4xx_hal_rcc.o
 .debug_info    0x0000000000009f27     0x31bc ./Drivers/STM32F4xx_HAL_Driver/Src/stm32f4xx_hal_uart.o
 .debug_info    0x000000000000d0e3     0x1a97 ./Drivers/STM32F4xx_HAL_Driver/Src/stm32f4xx_ll_usb.o
 .debug_info    0x000000000000eb7a     0x130c ./Middlewares/ST/STM32_USB_Device_Library/Class/CDC/Src/usbd_cdc.o
 .debug_info    0x000000000000fe86      0xee7 ./Middlewares/ST/STM32_USB_Device_Library/Core/Src/usbd_core.o
 .debug_info    0x0000000000010d6d      0xb7f ./Middlewares/ST/STM32_USB_Device_Library/Core/Src/usbd_ctlreq.o
 .debug_info    0x00000000000118ec      0x7da ./Middlewares/ST/STM32_USB_Device_Library/Core/Src/usbd_ioreq.o
 .debug_info    0x00000000000120c6      0x76a ./USB_DEVICE/App/usb_device.o
 .debug_info    0x0000000000012830      0x96f ./USB_DEVICE/App/usbd_cdc_if.o
 .debug_info    0x000000000001319f      0x498 ./USB_DEVICE/App/usbd_desc.o
 .debug_info    0x0000000000013637     0x1d73 ./USB_DEVICE/Target/usbd_conf.o

.debug_abbrev   0x0000000000000000     0x2ffb
 .debug_abbrev  0x0000000000000000      0x2bd ./Core/Src/main.o
 .debug_abbrev  0x00000000000002bd      0x1e0 ./Core/Src/stm32f4xx_hal_msp.o
 .debug_abbrev  0x000000000000049d      0x199 ./Core/Src/stm32f4xx_it.o
 .debug_abbrev  0x0000000000000636      0x116 ./Core/Src/system_stm32f4xx.o
 .debug_abbrev  0x000000000000074c       0x12 ./Core/Startup/startup_stm32f429zitx.o
 .debug_abbrev  0x000000000000075e      0x20d ./Drivers/STM32F4xx_HAL_Driver/Src/stm32f4xx_hal.o
 .debug_abbrev  0x000000000000096b      0x316 ./Drivers/STM32F4xx_HAL_Driver/Src/stm32f4xx_hal_cortex.o
 .debug_abbrev  0x0000000000000c81      0x2d3 ./Drivers/STM32F4xx_HAL_Driver/Src/stm32f4xx_hal_eth.o
 .debug_abbrev  0x0000000000000f54      0x1c4 ./Drivers/STM32F4xx_HAL_Driver/Src/stm32f4xx_hal_gpio.o
 .debug_abbrev  0x0000000000001118      0x2bb ./Drivers/STM32F4xx_HAL_Driver/Src/stm32f4xx_hal_pcd.o
 .debug_abbrev  0x00000000000013d3      0x1ce ./Drivers/STM32F4xx_HAL_Driver/Src/stm32f4xx_hal_pcd_ex.o
 .debug_abbrev  0x00000000000015a1      0x2aa ./Drivers/STM32F4xx_HAL_Driver/Src/stm32f4xx_hal_rcc.o
 .debug_abbrev  0x000000000000184b      0x2f4 ./Drivers/STM32F4xx_HAL_Driver/Src/stm32f4xx_hal_uart.o
 .debug_abbrev  0x0000000000001b3f      0x296 ./Drivers/STM32F4xx_HAL_Driver/Src/stm32f4xx_ll_usb.o
 .debug_abbrev  0x0000000000001dd5      0x2be ./Middlewares/ST/STM32_USB_Device_Library/Class/CDC/Src/usbd_cdc.o
 .debug_abbrev  0x0000000000002093      0x263 ./Middlewares/ST/STM32_USB_Device_Library/Core/Src/usbd_core.o
 .debug_abbrev  0x00000000000022f6      0x25c ./Middlewares/ST/STM32_USB_Device_Library/Core/Src/usbd_ctlreq.o
 .debug_abbrev  0x0000000000002552      0x18a ./Middlewares/ST/STM32_USB_Device_Library/Core/Src/usbd_ioreq.o
 .debug_abbrev  0x00000000000026dc      0x18a ./USB_DEVICE/App/usb_device.o
 .debug_abbrev  0x0000000000002866      0x290 ./USB_DEVICE/App/usbd_cdc_if.o
 .debug_abbrev  0x0000000000002af6      0x1da ./USB_DEVICE/App/usbd_desc.o
 .debug_abbrev  0x0000000000002cd0      0x32b ./USB_DEVICE/Target/usbd_conf.o

.debug_aranges  0x0000000000000000      0xf58
 .debug_aranges
                0x0000000000000000       0x48 ./Core/Src/main.o
 .debug_aranges
                0x0000000000000048       0x40 ./Core/Src/stm32f4xx_hal_msp.o
 .debug_aranges
                0x0000000000000088       0x68 ./Core/Src/stm32f4xx_it.o
 .debug_aranges
                0x00000000000000f0       0x28 ./Core/Src/system_stm32f4xx.o
 .debug_aranges
                0x0000000000000118       0x28 ./Core/Startup/startup_stm32f429zitx.o
 .debug_aranges
                0x0000000000000140      0x100 ./Drivers/STM32F4xx_HAL_Driver/Src/stm32f4xx_hal.o
 .debug_aranges
                0x0000000000000240      0x118 ./Drivers/STM32F4xx_HAL_Driver/Src/stm32f4xx_hal_cortex.o
 .debug_aranges
                0x0000000000000358      0x1e0 ./Drivers/STM32F4xx_HAL_Driver/Src/stm32f4xx_hal_eth.o
 .debug_aranges
                0x0000000000000538       0x58 ./Drivers/STM32F4xx_HAL_Driver/Src/stm32f4xx_hal_gpio.o
 .debug_aranges
                0x0000000000000590      0x148 ./Drivers/STM32F4xx_HAL_Driver/Src/stm32f4xx_hal_pcd.o
 .debug_aranges
                0x00000000000006d8       0x38 ./Drivers/STM32F4xx_HAL_Driver/Src/stm32f4xx_hal_pcd_ex.o
 .debug_aranges
                0x0000000000000710       0x88 ./Drivers/STM32F4xx_HAL_Driver/Src/stm32f4xx_hal_rcc.o
 .debug_aranges
                0x0000000000000798      0x200 ./Drivers/STM32F4xx_HAL_Driver/Src/stm32f4xx_hal_uart.o
 .debug_aranges
                0x0000000000000998      0x1a0 ./Drivers/STM32F4xx_HAL_Driver/Src/stm32f4xx_ll_usb.o
 .debug_aranges
                0x0000000000000b38       0x90 ./Middlewares/ST/STM32_USB_Device_Library/Class/CDC/Src/usbd_cdc.o
 .debug_aranges
                0x0000000000000bc8       0xd8 ./Middlewares/ST/STM32_USB_Device_Library/Core/Src/usbd_core.o
 .debug_aranges
                0x0000000000000ca0       0x90 ./Middlewares/ST/STM32_USB_Device_Library/Core/Src/usbd_ctlreq.o
 .debug_aranges
                0x0000000000000d30       0x50 ./Middlewares/ST/STM32_USB_Device_Library/Core/Src/usbd_ioreq.o
 .debug_aranges
                0x0000000000000d80       0x20 ./USB_DEVICE/App/usb_device.o
 .debug_aranges
                0x0000000000000da0       0x48 ./USB_DEVICE/App/usbd_cdc_if.o
 .debug_aranges
                0x0000000000000de8       0x60 ./USB_DEVICE/App/usbd_desc.o
 .debug_aranges
                0x0000000000000e48      0x110 ./USB_DEVICE/Target/usbd_conf.o

.debug_ranges   0x0000000000000000      0xe30
 .debug_ranges  0x0000000000000000       0x38 ./Core/Src/main.o
 .debug_ranges  0x0000000000000038       0x30 ./Core/Src/stm32f4xx_hal_msp.o
 .debug_ranges  0x0000000000000068       0x58 ./Core/Src/stm32f4xx_it.o
 .debug_ranges  0x00000000000000c0       0x18 ./Core/Src/system_stm32f4xx.o
 .debug_ranges  0x00000000000000d8       0x20 ./Core/Startup/startup_stm32f429zitx.o
 .debug_ranges  0x00000000000000f8       0xf0 ./Drivers/STM32F4xx_HAL_Driver/Src/stm32f4xx_hal.o
 .debug_ranges  0x00000000000001e8      0x108 ./Drivers/STM32F4xx_HAL_Driver/Src/stm32f4xx_hal_cortex.o
 .debug_ranges  0x00000000000002f0      0x1d0 ./Drivers/STM32F4xx_HAL_Driver/Src/stm32f4xx_hal_eth.o
 .debug_ranges  0x00000000000004c0       0x48 ./Drivers/STM32F4xx_HAL_Driver/Src/stm32f4xx_hal_gpio.o
 .debug_ranges  0x0000000000000508      0x138 ./Drivers/STM32F4xx_HAL_Driver/Src/stm32f4xx_hal_pcd.o
 .debug_ranges  0x0000000000000640       0x28 ./Drivers/STM32F4xx_HAL_Driver/Src/stm32f4xx_hal_pcd_ex.o
 .debug_ranges  0x0000000000000668       0x78 ./Drivers/STM32F4xx_HAL_Driver/Src/stm32f4xx_hal_rcc.o
 .debug_ranges  0x00000000000006e0      0x220 ./Drivers/STM32F4xx_HAL_Driver/Src/stm32f4xx_hal_uart.o
 .debug_ranges  0x0000000000000900      0x190 ./Drivers/STM32F4xx_HAL_Driver/Src/stm32f4xx_ll_usb.o
 .debug_ranges  0x0000000000000a90       0x80 ./Middlewares/ST/STM32_USB_Device_Library/Class/CDC/Src/usbd_cdc.o
 .debug_ranges  0x0000000000000b10       0xc8 ./Middlewares/ST/STM32_USB_Device_Library/Core/Src/usbd_core.o
 .debug_ranges  0x0000000000000bd8       0x80 ./Middlewares/ST/STM32_USB_Device_Library/Core/Src/usbd_ctlreq.o
 .debug_ranges  0x0000000000000c58       0x40 ./Middlewares/ST/STM32_USB_Device_Library/Core/Src/usbd_ioreq.o
 .debug_ranges  0x0000000000000c98       0x10 ./USB_DEVICE/App/usb_device.o
 .debug_ranges  0x0000000000000ca8       0x38 ./USB_DEVICE/App/usbd_cdc_if.o
 .debug_ranges  0x0000000000000ce0       0x50 ./USB_DEVICE/App/usbd_desc.o
 .debug_ranges  0x0000000000000d30      0x100 ./USB_DEVICE/Target/usbd_conf.o

.debug_macro    0x0000000000000000    0x26be8
 .debug_macro   0x0000000000000000      0x42c ./Core/Src/main.o
 .debug_macro   0x000000000000042c      0xa78 ./Core/Src/main.o
 .debug_macro   0x0000000000000ea4      0x2af ./Core/Src/main.o
 .debug_macro   0x0000000000001153       0x2e ./Core/Src/main.o
 .debug_macro   0x0000000000001181       0x28 ./Core/Src/main.o
 .debug_macro   0x00000000000011a9       0x22 ./Core/Src/main.o
 .debug_macro   0x00000000000011cb       0x8e ./Core/Src/main.o
 .debug_macro   0x0000000000001259       0x51 ./Core/Src/main.o
 .debug_macro   0x00000000000012aa      0x103 ./Core/Src/main.o
 .debug_macro   0x00000000000013ad       0x6a ./Core/Src/main.o
 .debug_macro   0x0000000000001417      0x1df ./Core/Src/main.o
 .debug_macro   0x00000000000015f6       0x1c ./Core/Src/main.o
 .debug_macro   0x0000000000001612       0x22 ./Core/Src/main.o
 .debug_macro   0x0000000000001634       0xd9 ./Core/Src/main.o
 .debug_macro   0x000000000000170d     0x102d ./Core/Src/main.o
 .debug_macro   0x000000000000273a      0x11f ./Core/Src/main.o
 .debug_macro   0x0000000000002859    0x17fc0 ./Core/Src/main.o
 .debug_macro   0x000000000001a819       0x6d ./Core/Src/main.o
 .debug_macro   0x000000000001a886     0x36f5 ./Core/Src/main.o
 .debug_macro   0x000000000001df7b      0x174 ./Core/Src/main.o
 .debug_macro   0x000000000001e0ef       0x5c ./Core/Src/main.o
 .debug_macro   0x000000000001e14b      0xca5 ./Core/Src/main.o
 .debug_macro   0x000000000001edf0      0x9fe ./Core/Src/main.o
 .debug_macro   0x000000000001f7ee      0x115 ./Core/Src/main.o
 .debug_macro   0x000000000001f903      0x156 ./Core/Src/main.o
 .debug_macro   0x000000000001fa59       0xa5 ./Core/Src/main.o
 .debug_macro   0x000000000001fafe      0x182 ./Core/Src/main.o
 .debug_macro   0x000000000001fc80      0x287 ./Core/Src/main.o
 .debug_macro   0x000000000001ff07       0x5f ./Core/Src/main.o
 .debug_macro   0x000000000001ff66      0x236 ./Core/Src/main.o
 .debug_macro   0x000000000002019c      0xd44 ./Core/Src/main.o
 .debug_macro   0x0000000000020ee0      0x132 ./Core/Src/main.o
 .debug_macro   0x0000000000021012      0x41d ./Core/Src/main.o
 .debug_macro   0x000000000002142f       0x2e ./Core/Src/main.o
 .debug_macro   0x000000000002145d      0x11a ./Core/Src/main.o
 .debug_macro   0x0000000000021577       0xe2 ./Core/Src/main.o
 .debug_macro   0x0000000000021659       0x89 ./Core/Src/main.o
 .debug_macro   0x00000000000216e2      0x295 ./Core/Src/main.o
 .debug_macro   0x0000000000021977      0x248 ./Core/Src/main.o
 .debug_macro   0x0000000000021bbf       0xba ./Core/Src/main.o
 .debug_macro   0x0000000000021c79      0x134 ./Core/Src/main.o
 .debug_macro   0x0000000000021dad      0x130 ./Core/Src/main.o
 .debug_macro   0x0000000000021edd       0x52 ./Core/Src/main.o
 .debug_macro   0x0000000000021f2f       0x1e ./Core/Src/main.o
 .debug_macro   0x0000000000021f4d       0x3c ./Core/Src/main.o
 .debug_macro   0x0000000000021f89       0x34 ./Core/Src/main.o
 .debug_macro   0x0000000000021fbd       0x16 ./Core/Src/main.o
 .debug_macro   0x0000000000021fd3       0x43 ./Core/Src/main.o
 .debug_macro   0x0000000000022016       0x34 ./Core/Src/main.o
 .debug_macro   0x000000000002204a       0x10 ./Core/Src/main.o
 .debug_macro   0x000000000002205a       0x58 ./Core/Src/main.o
 .debug_macro   0x00000000000220b2       0x71 ./Core/Src/main.o
 .debug_macro   0x0000000000022123       0x1c ./Core/Src/main.o
 .debug_macro   0x000000000002213f      0x12a ./Core/Src/main.o
 .debug_macro   0x0000000000022269      0x341 ./Core/Src/main.o
 .debug_macro   0x00000000000225aa       0x10 ./Core/Src/main.o
 .debug_macro   0x00000000000225ba       0x35 ./Core/Src/main.o
 .debug_macro   0x00000000000225ef       0x20 ./Core/Src/main.o
 .debug_macro   0x000000000002260f       0x1c ./Core/Src/main.o
 .debug_macro   0x000000000002262b       0x10 ./Core/Src/main.o
 .debug_macro   0x000000000002263b       0x10 ./Core/Src/main.o
 .debug_macro   0x000000000002264b       0x1c ./Core/Src/main.o
 .debug_macro   0x0000000000022667       0x52 ./Core/Src/main.o
 .debug_macro   0x00000000000226b9       0x22 ./Core/Src/main.o
 .debug_macro   0x00000000000226db       0x10 ./Core/Src/main.o
 .debug_macro   0x00000000000226eb       0x52 ./Core/Src/main.o
 .debug_macro   0x000000000002273d       0xd5 ./Core/Src/main.o
 .debug_macro   0x0000000000022812       0x1c ./Core/Src/main.o
 .debug_macro   0x000000000002282e       0x3d ./Core/Src/main.o
 .debug_macro   0x000000000002286b       0x16 ./Core/Src/main.o
 .debug_macro   0x0000000000022881      0x145 ./Core/Src/main.o
 .debug_macro   0x00000000000229c6       0x16 ./Core/Src/main.o
 .debug_macro   0x00000000000229dc       0x16 ./Core/Src/main.o
 .debug_macro   0x00000000000229f2       0x29 ./Core/Src/main.o
 .debug_macro   0x0000000000022a1b       0x65 ./Core/Src/main.o
 .debug_macro   0x0000000000022a80      0x20f ./Core/Src/main.o
 .debug_macro   0x0000000000022c8f       0x95 ./Core/Src/main.o
 .debug_macro   0x0000000000022d24       0x10 ./Core/Src/main.o
 .debug_macro   0x0000000000022d34      0x1f7 ./Core/Src/stm32f4xx_hal_msp.o
 .debug_macro   0x0000000000022f2b      0x201 ./Core/Src/stm32f4xx_it.o
 .debug_macro   0x000000000002312c      0x1e8 ./Core/Src/system_stm32f4xx.o
 .debug_macro   0x0000000000023314      0x248 ./Drivers/STM32F4xx_HAL_Driver/Src/stm32f4xx_hal.o
 .debug_macro   0x000000000002355c      0x1e8 ./Drivers/STM32F4xx_HAL_Driver/Src/stm32f4xx_hal_cortex.o
 .debug_macro   0x0000000000023744      0x2c2 ./Drivers/STM32F4xx_HAL_Driver/Src/stm32f4xx_hal_eth.o
 .debug_macro   0x0000000000023a06      0x1ee ./Drivers/STM32F4xx_HAL_Driver/Src/stm32f4xx_hal_gpio.o
 .debug_macro   0x0000000000023bf4      0x1f4 ./Drivers/STM32F4xx_HAL_Driver/Src/stm32f4xx_hal_pcd.o
 .debug_macro   0x0000000000023de8      0x1e8 ./Drivers/STM32F4xx_HAL_Driver/Src/stm32f4xx_hal_pcd_ex.o
 .debug_macro   0x0000000000023fd0      0x20c ./Drivers/STM32F4xx_HAL_Driver/Src/stm32f4xx_hal_rcc.o
 .debug_macro   0x00000000000241dc      0x1e9 ./Drivers/STM32F4xx_HAL_Driver/Src/stm32f4xx_hal_uart.o
 .debug_macro   0x00000000000243c5      0x1e8 ./Drivers/STM32F4xx_HAL_Driver/Src/stm32f4xx_ll_usb.o
 .debug_macro   0x00000000000245ad      0x40d ./Middlewares/ST/STM32_USB_Device_Library/Class/CDC/Src/usbd_cdc.o
 .debug_macro   0x00000000000249ba       0x16 ./Middlewares/ST/STM32_USB_Device_Library/Class/CDC/Src/usbd_cdc.o
 .debug_macro   0x00000000000249d0       0x97 ./Middlewares/ST/STM32_USB_Device_Library/Class/CDC/Src/usbd_cdc.o
 .debug_macro   0x0000000000024a67       0xfd ./Middlewares/ST/STM32_USB_Device_Library/Class/CDC/Src/usbd_cdc.o
 .debug_macro   0x0000000000024b64       0x16 ./Middlewares/ST/STM32_USB_Device_Library/Class/CDC/Src/usbd_cdc.o
 .debug_macro   0x0000000000024b7a       0x56 ./Middlewares/ST/STM32_USB_Device_Library/Class/CDC/Src/usbd_cdc.o
 .debug_macro   0x0000000000024bd0      0x3f4 ./Middlewares/ST/STM32_USB_Device_Library/Core/Src/usbd_core.o
 .debug_macro   0x0000000000024fc4      0x215 ./Middlewares/ST/STM32_USB_Device_Library/Core/Src/usbd_core.o
 .debug_macro   0x00000000000251d9      0x3fe ./Middlewares/ST/STM32_USB_Device_Library/Core/Src/usbd_ctlreq.o
 .debug_macro   0x00000000000255d7      0x3fa ./Middlewares/ST/STM32_USB_Device_Library/Core/Src/usbd_ioreq.o
 .debug_macro   0x00000000000259d1      0x42d ./USB_DEVICE/App/usb_device.o
 .debug_macro   0x0000000000025dfe      0x136 ./USB_DEVICE/App/usb_device.o
 .debug_macro   0x0000000000025f34       0x22 ./USB_DEVICE/App/usb_device.o
 .debug_macro   0x0000000000025f56       0x16 ./USB_DEVICE/App/usb_device.o
 .debug_macro   0x0000000000025f6c      0x418 ./USB_DEVICE/App/usbd_cdc_if.o
 .debug_macro   0x0000000000026384      0x437 ./USB_DEVICE/App/usbd_desc.o
 .debug_macro   0x00000000000267bb       0x1c ./USB_DEVICE/App/usbd_desc.o
 .debug_macro   0x00000000000267d7      0x411 ./USB_DEVICE/Target/usbd_conf.o

.debug_line     0x0000000000000000    0x133a6
 .debug_line    0x0000000000000000      0xb79 ./Core/Src/main.o
 .debug_line    0x0000000000000b79      0x7ba ./Core/Src/stm32f4xx_hal_msp.o
 .debug_line    0x0000000000001333      0x7bf ./Core/Src/stm32f4xx_it.o
 .debug_line    0x0000000000001af2      0x766 ./Core/Src/system_stm32f4xx.o
 .debug_line    0x0000000000002258       0x88 ./Core/Startup/startup_stm32f429zitx.o
 .debug_line    0x00000000000022e0      0xa02 ./Drivers/STM32F4xx_HAL_Driver/Src/stm32f4xx_hal.o
 .debug_line    0x0000000000002ce2      0xc7b ./Drivers/STM32F4xx_HAL_Driver/Src/stm32f4xx_hal_cortex.o
 .debug_line    0x000000000000395d     0x1824 ./Drivers/STM32F4xx_HAL_Driver/Src/stm32f4xx_hal_eth.o
 .debug_line    0x0000000000005181      0xb68 ./Drivers/STM32F4xx_HAL_Driver/Src/stm32f4xx_hal_gpio.o
 .debug_line    0x0000000000005ce9     0x146f ./Drivers/STM32F4xx_HAL_Driver/Src/stm32f4xx_hal_pcd.o
 .debug_line    0x0000000000007158      0x7af ./Drivers/STM32F4xx_HAL_Driver/Src/stm32f4xx_hal_pcd_ex.o
 .debug_line    0x0000000000007907      0xd48 ./Drivers/STM32F4xx_HAL_Driver/Src/stm32f4xx_hal_rcc.o
 .debug_line    0x000000000000864f     0x2a71 ./Drivers/STM32F4xx_HAL_Driver/Src/stm32f4xx_hal_uart.o
 .debug_line    0x000000000000b0c0     0x1a89 ./Drivers/STM32F4xx_HAL_Driver/Src/stm32f4xx_ll_usb.o
 .debug_line    0x000000000000cb49      0xef6 ./Middlewares/ST/STM32_USB_Device_Library/Class/CDC/Src/usbd_cdc.o
 .debug_line    0x000000000000da3f      0xf70 ./Middlewares/ST/STM32_USB_Device_Library/Core/Src/usbd_core.o
 .debug_line    0x000000000000e9af     0x1141 ./Middlewares/ST/STM32_USB_Device_Library/Core/Src/usbd_ctlreq.o
 .debug_line    0x000000000000faf0      0xa88 ./Middlewares/ST/STM32_USB_Device_Library/Core/Src/usbd_ioreq.o
 .debug_line    0x0000000000010578      0xa44 ./USB_DEVICE/App/usb_device.o
 .debug_line    0x0000000000010fbc      0xaa7 ./USB_DEVICE/App/usbd_cdc_if.o
 .debug_line    0x0000000000011a63      0xb0d ./USB_DEVICE/App/usbd_desc.o
 .debug_line    0x0000000000012570      0xe36 ./USB_DEVICE/Target/usbd_conf.o

.debug_str      0x0000000000000000    0xdc90e
 .debug_str     0x0000000000000000    0xd7a9c ./Core/Src/main.o
                                      0xd7e62 (size before relaxing)
 .debug_str     0x00000000000d7a9c       0x88 ./Core/Src/stm32f4xx_hal_msp.o
                                      0xd2edc (size before relaxing)
 .debug_str     0x00000000000d7b24      0x43d ./Core/Src/stm32f4xx_it.o
                                      0xd2827 (size before relaxing)
 .debug_str     0x00000000000d7f61       0xdb ./Core/Src/system_stm32f4xx.o
                                      0xd208d (size before relaxing)
 .debug_str     0x00000000000d803c       0x36 ./Core/Startup/startup_stm32f429zitx.o
                                         0x53 (size before relaxing)
 .debug_str     0x00000000000d8072      0xba6 ./Drivers/STM32F4xx_HAL_Driver/Src/stm32f4xx_hal.o
                                      0xd2cb0 (size before relaxing)
 .debug_str     0x00000000000d8c18      0x348 ./Drivers/STM32F4xx_HAL_Driver/Src/stm32f4xx_hal_cortex.o
                                      0xd2995 (size before relaxing)
 .debug_str     0x00000000000d8f60     0x1306 ./Drivers/STM32F4xx_HAL_Driver/Src/stm32f4xx_hal_eth.o
                                      0xd3a36 (size before relaxing)
 .debug_str     0x00000000000da266       0xe1 ./Drivers/STM32F4xx_HAL_Driver/Src/stm32f4xx_hal_gpio.o
                                      0xd2208 (size before relaxing)
 .debug_str     0x00000000000da347      0x81e ./Drivers/STM32F4xx_HAL_Driver/Src/stm32f4xx_hal_pcd.o
                                      0xd2b3c (size before relaxing)
 .debug_str     0x00000000000dab65      0x115 ./Drivers/STM32F4xx_HAL_Driver/Src/stm32f4xx_hal_pcd_ex.o
                                      0xd242b (size before relaxing)
 .debug_str     0x00000000000dac7a      0x21f ./Drivers/STM32F4xx_HAL_Driver/Src/stm32f4xx_hal_rcc.o
                                      0xd24c1 (size before relaxing)
 .debug_str     0x00000000000dae99      0x644 ./Drivers/STM32F4xx_HAL_Driver/Src/stm32f4xx_hal_uart.o
                                      0xd2a4d (size before relaxing)
 .debug_str     0x00000000000db4dd      0x43f ./Drivers/STM32F4xx_HAL_Driver/Src/stm32f4xx_ll_usb.o
                                      0xd29a4 (size before relaxing)
 .debug_str     0x00000000000db91c      0x6e1 ./Middlewares/ST/STM32_USB_Device_Library/Class/CDC/Src/usbd_cdc.o
                                      0xd7b4d (size before relaxing)
 .debug_str     0x00000000000dbffd      0x356 ./Middlewares/ST/STM32_USB_Device_Library/Core/Src/usbd_core.o
                                      0xd74c3 (size before relaxing)
 .debug_str     0x00000000000dc353      0x139 ./Middlewares/ST/STM32_USB_Device_Library/Core/Src/usbd_ctlreq.o
                                      0xd72ee (size before relaxing)
 .debug_str     0x00000000000dc48c       0x51 ./Middlewares/ST/STM32_USB_Device_Library/Core/Src/usbd_ioreq.o
                                      0xd71c3 (size before relaxing)
 .debug_str     0x00000000000dc4dd       0xc6 ./USB_DEVICE/App/usb_device.o
                                      0xd7576 (size before relaxing)
 .debug_str     0x00000000000dc5a3       0x8a ./USB_DEVICE/App/usbd_cdc_if.o
                                      0xd75b6 (size before relaxing)
 .debug_str     0x00000000000dc62d      0x26e ./USB_DEVICE/App/usbd_desc.o
                                      0xd70c3 (size before relaxing)
 .debug_str     0x00000000000dc89b       0x73 ./USB_DEVICE/Target/usbd_conf.o
                                      0xd8412 (size before relaxing)

.comment        0x0000000000000000       0x50
 .comment       0x0000000000000000       0x50 ./Core/Src/main.o
                                         0x51 (size before relaxing)
 .comment       0x0000000000000050       0x51 ./Core/Src/stm32f4xx_hal_msp.o
 .comment       0x0000000000000050       0x51 ./Core/Src/stm32f4xx_it.o
 .comment       0x0000000000000050       0x51 ./Core/Src/system_stm32f4xx.o
 .comment       0x0000000000000050       0x51 ./Drivers/STM32F4xx_HAL_Driver/Src/stm32f4xx_hal.o
 .comment       0x0000000000000050       0x51 ./Drivers/STM32F4xx_HAL_Driver/Src/stm32f4xx_hal_cortex.o
 .comment       0x0000000000000050       0x51 ./Drivers/STM32F4xx_HAL_Driver/Src/stm32f4xx_hal_eth.o
 .comment       0x0000000000000050       0x51 ./Drivers/STM32F4xx_HAL_Driver/Src/stm32f4xx_hal_gpio.o
 .comment       0x0000000000000050       0x51 ./Drivers/STM32F4xx_HAL_Driver/Src/stm32f4xx_hal_pcd.o
 .comment       0x0000000000000050       0x51 ./Drivers/STM32F4xx_HAL_Driver/Src/stm32f4xx_hal_pcd_ex.o
 .comment       0x0000000000000050       0x51 ./Drivers/STM32F4xx_HAL_Driver/Src/stm32f4xx_hal_rcc.o
 .comment       0x0000000000000050       0x51 ./Drivers/STM32F4xx_HAL_Driver/Src/stm32f4xx_hal_uart.o
 .comment       0x0000000000000050       0x51 ./Drivers/STM32F4xx_HAL_Driver/Src/stm32f4xx_ll_usb.o
 .comment       0x0000000000000050       0x51 ./Middlewares/ST/STM32_USB_Device_Library/Class/CDC/Src/usbd_cdc.o
 .comment       0x0000000000000050       0x51 ./Middlewares/ST/STM32_USB_Device_Library/Core/Src/usbd_core.o
 .comment       0x0000000000000050       0x51 ./Middlewares/ST/STM32_USB_Device_Library/Core/Src/usbd_ctlreq.o
 .comment       0x0000000000000050       0x51 ./Middlewares/ST/STM32_USB_Device_Library/Core/Src/usbd_ioreq.o
 .comment       0x0000000000000050       0x51 ./USB_DEVICE/App/usb_device.o
 .comment       0x0000000000000050       0x51 ./USB_DEVICE/App/usbd_cdc_if.o
 .comment       0x0000000000000050       0x51 ./USB_DEVICE/App/usbd_desc.o
 .comment       0x0000000000000050       0x51 ./USB_DEVICE/Target/usbd_conf.o

.debug_frame    0x0000000000000000     0x3f40
 .debug_frame   0x0000000000000000       0xc8 ./Core/Src/main.o
 .debug_frame   0x00000000000000c8       0xc8 ./Core/Src/stm32f4xx_hal_msp.o
 .debug_frame   0x0000000000000190      0x120 ./Core/Src/stm32f4xx_it.o
 .debug_frame   0x00000000000002b0       0x58 ./Core/Src/system_stm32f4xx.o
 .debug_frame   0x0000000000000308      0x3b4 ./Drivers/STM32F4xx_HAL_Driver/Src/stm32f4xx_hal.o
 .debug_frame   0x00000000000006bc      0x498 ./Drivers/STM32F4xx_HAL_Driver/Src/stm32f4xx_hal_cortex.o